Archive member included because of file (symbol)

/opt/altera/13.0sp1/nios2eds/bin/gnu/H-i686-pc-linux-gnu/bin/../lib/gcc/nios2-elf/4.1.2/mno-hw-mul/libgcc.a(_addsub_df.o)
                              obj/default/cruise_skeleton.o (__adddf3)
/opt/altera/13.0sp1/nios2eds/bin/gnu/H-i686-pc-linux-gnu/bin/../lib/gcc/nios2-elf/4.1.2/mno-hw-mul/libgcc.a(_div_df.o)
                              obj/default/cruise_skeleton.o (__divdf3)
/opt/altera/13.0sp1/nios2eds/bin/gnu/H-i686-pc-linux-gnu/bin/../lib/gcc/nios2-elf/4.1.2/mno-hw-mul/libgcc.a(_si_to_df.o)
                              obj/default/cruise_skeleton.o (__floatsidf)
/opt/altera/13.0sp1/nios2eds/bin/gnu/H-i686-pc-linux-gnu/bin/../lib/gcc/nios2-elf/4.1.2/mno-hw-mul/libgcc.a(_df_to_si.o)
                              obj/default/cruise_skeleton.o (__fixdfsi)
/opt/altera/13.0sp1/nios2eds/bin/gnu/H-i686-pc-linux-gnu/bin/../lib/gcc/nios2-elf/4.1.2/mno-hw-mul/libgcc.a(_thenan_df.o)
                              /opt/altera/13.0sp1/nios2eds/bin/gnu/H-i686-pc-linux-gnu/bin/../lib/gcc/nios2-elf/4.1.2/mno-hw-mul/libgcc.a(_addsub_df.o) (__thenan_df)
/opt/altera/13.0sp1/nios2eds/bin/gnu/H-i686-pc-linux-gnu/bin/../lib/gcc/nios2-elf/4.1.2/mno-hw-mul/libgcc.a(lib2-divmod.o)
                              obj/default/cruise_skeleton.o (__divsi3)
/opt/altera/13.0sp1/nios2eds/bin/gnu/H-i686-pc-linux-gnu/bin/../lib/gcc/nios2-elf/4.1.2/mno-hw-mul/libgcc.a(lib2-mul.o)
                              obj/default/cruise_skeleton.o (__mulsi3)
/opt/altera/13.0sp1/nios2eds/bin/gnu/H-i686-pc-linux-gnu/bin/../lib/gcc/nios2-elf/4.1.2/mno-hw-mul/libgcc.a(_clzsi2.o)
                              /opt/altera/13.0sp1/nios2eds/bin/gnu/H-i686-pc-linux-gnu/bin/../lib/gcc/nios2-elf/4.1.2/mno-hw-mul/libgcc.a(_si_to_df.o) (__clzsi2)
/opt/altera/13.0sp1/nios2eds/bin/gnu/H-i686-pc-linux-gnu/bin/../lib/gcc/nios2-elf/4.1.2/mno-hw-mul/libgcc.a(_pack_df.o)
                              /opt/altera/13.0sp1/nios2eds/bin/gnu/H-i686-pc-linux-gnu/bin/../lib/gcc/nios2-elf/4.1.2/mno-hw-mul/libgcc.a(_addsub_df.o) (__pack_d)
/opt/altera/13.0sp1/nios2eds/bin/gnu/H-i686-pc-linux-gnu/bin/../lib/gcc/nios2-elf/4.1.2/mno-hw-mul/libgcc.a(_unpack_df.o)
                              /opt/altera/13.0sp1/nios2eds/bin/gnu/H-i686-pc-linux-gnu/bin/../lib/gcc/nios2-elf/4.1.2/mno-hw-mul/libgcc.a(_addsub_df.o) (__unpack_d)
/opt/altera/13.0sp1/nios2eds/bin/gnu/H-i686-pc-linux-gnu/bin/../lib/gcc/nios2-elf/4.1.2/mno-hw-mul/libgcc.a(_clz.o)
                              /opt/altera/13.0sp1/nios2eds/bin/gnu/H-i686-pc-linux-gnu/bin/../lib/gcc/nios2-elf/4.1.2/mno-hw-mul/libgcc.a(_clzsi2.o) (__clz_tab)
/opt/altera/13.0sp1/nios2eds/bin/gnu/H-i686-pc-linux-gnu/bin/../lib/gcc/nios2-elf/4.1.2/../../../../nios2-elf/lib/mno-hw-mul/libc.a(lib_a-printf.o)
                              obj/default/cruise_skeleton.o (printf)
/opt/altera/13.0sp1/nios2eds/bin/gnu/H-i686-pc-linux-gnu/bin/../lib/gcc/nios2-elf/4.1.2/../../../../nios2-elf/lib/mno-hw-mul/libc.a(lib_a-puts.o)
                              obj/default/cruise_skeleton.o (puts)
/opt/altera/13.0sp1/nios2eds/bin/gnu/H-i686-pc-linux-gnu/bin/../lib/gcc/nios2-elf/4.1.2/../../../../nios2-elf/lib/mno-hw-mul/libc.a(lib_a-strlen.o)
                              /opt/altera/13.0sp1/nios2eds/bin/gnu/H-i686-pc-linux-gnu/bin/../lib/gcc/nios2-elf/4.1.2/../../../../nios2-elf/lib/mno-hw-mul/libc.a(lib_a-puts.o) (strlen)
/opt/altera/13.0sp1/nios2eds/bin/gnu/H-i686-pc-linux-gnu/bin/../lib/gcc/nios2-elf/4.1.2/../../../../nios2-elf/lib/mno-hw-mul/libc.a(lib_a-vfprintf.o)
                              /opt/altera/13.0sp1/nios2eds/bin/gnu/H-i686-pc-linux-gnu/bin/../lib/gcc/nios2-elf/4.1.2/../../../../nios2-elf/lib/mno-hw-mul/libc.a(lib_a-printf.o) (___vfprintf_internal_r)
/opt/altera/13.0sp1/nios2eds/bin/gnu/H-i686-pc-linux-gnu/bin/../lib/gcc/nios2-elf/4.1.2/../../../../nios2-elf/lib/mno-hw-mul/libc.a(lib_a-wsetup.o)
                              /opt/altera/13.0sp1/nios2eds/bin/gnu/H-i686-pc-linux-gnu/bin/../lib/gcc/nios2-elf/4.1.2/../../../../nios2-elf/lib/mno-hw-mul/libc.a(lib_a-vfprintf.o) (__swsetup_r)
/opt/altera/13.0sp1/nios2eds/bin/gnu/H-i686-pc-linux-gnu/bin/../lib/gcc/nios2-elf/4.1.2/../../../../nios2-elf/lib/mno-hw-mul/libc.a(lib_a-dtoa.o)
                              /opt/altera/13.0sp1/nios2eds/bin/gnu/H-i686-pc-linux-gnu/bin/../lib/gcc/nios2-elf/4.1.2/../../../../nios2-elf/lib/mno-hw-mul/libc.a(lib_a-vfprintf.o) (_dtoa_r)
/opt/altera/13.0sp1/nios2eds/bin/gnu/H-i686-pc-linux-gnu/bin/../lib/gcc/nios2-elf/4.1.2/../../../../nios2-elf/lib/mno-hw-mul/libc.a(lib_a-fflush.o)
                              /opt/altera/13.0sp1/nios2eds/bin/gnu/H-i686-pc-linux-gnu/bin/../lib/gcc/nios2-elf/4.1.2/../../../../nios2-elf/lib/mno-hw-mul/libc.a(lib_a-vfprintf.o) (_fflush_r)
/opt/altera/13.0sp1/nios2eds/bin/gnu/H-i686-pc-linux-gnu/bin/../lib/gcc/nios2-elf/4.1.2/../../../../nios2-elf/lib/mno-hw-mul/libc.a(lib_a-findfp.o)
[...]
Memory Configuration

Name             Origin             Length             Attributes
onchip_memory    0x00000000         0x00006400
sram             0x00100000         0x00080000
reset            0x01000000         0x00000020
sdram            0x01000020         0x007fffe0
*default*        0x00000000         0xffffffff

Linker script and memory map

LOAD ../bsp//obj/HAL/src/crt0.o
LOAD obj/default/cruise_skeleton.o
LOAD /opt/altera/13.0sp1/nios2eds/bin/gnu/H-i686-pc-linux-gnu/bin/../lib/gcc/nios2-elf/4.1.2/../../../../nios2-elf/lib/mno-hw-mul/libstdc++.a
LOAD /opt/altera/13.0sp1/nios2eds/bin/gnu/H-i686-pc-linux-gnu/bin/../lib/gcc/nios2-elf/4.1.2/../../../../nios2-elf/lib/mno-hw-mul/libm.a
LOAD /opt/altera/13.0sp1/nios2eds/bin/gnu/H-i686-pc-linux-gnu/bin/../lib/gcc/nios2-elf/4.1.2/mno-hw-mul/libgcc.a
START GROUP
LOAD /opt/altera/13.0sp1/nios2eds/bin/gnu/H-i686-pc-linux-gnu/bin/../lib/gcc/nios2-elf/4.1.2/../../../../nios2-elf/lib/mno-hw-mul/libc.a
LOAD /opt/altera/13.0sp1/nios2eds/bin/gnu/H-i686-pc-linux-gnu/bin/../lib/gcc/nios2-elf/4.1.2/mno-hw-mul/libgcc.a
LOAD ../bsp//libucosii_bsp.a
END GROUP
LOAD /opt/altera/13.0sp1/nios2eds/bin/gnu/H-i686-pc-linux-gnu/bin/../lib/gcc/nios2-elf/4.1.2/mno-hw-mul/libgcc.a
                0x00000000                __alt_mem_onchip_memory = 0x0
                0x00100000                __alt_mem_sram = 0x100000
                0x01000000                __alt_mem_sdram = 0x1000000

.entry          0x01000000       0x20
 *(.entry)
 .entry         0x01000000       0x20 ../bsp//obj/HAL/src/crt0.o
                0x01000000                __reset

.exceptions     0x01000020      0x124 load address 0x00100000
                0x01000020                PROVIDE (__ram_exceptions_start, ABSOLUTE (.))
                0x01000020                . = ALIGN (0x20)
 *(.irq)
 *(.exceptions.entry.label)
 .exceptions.entry.label
                0x01000020        0x0 ../bsp//libucosii_bsp.a(alt_irq_entry.o)
                0x01000020                alt_irq_entry
 .exceptions.entry.label
                0x01000020        0x0 ../bsp//libucosii_bsp.a(alt_exception_entry.o)
                0x01000020                alt_exception
 *(.exceptions.entry.user)
 *(.exceptions.entry)
 .exceptions.entry
                0x01000020       0x54 ../bsp//libucosii_bsp.a(alt_exception_entry.o)
 *(.exceptions.irqtest.user)
 *(.exceptions.irqtest)
 .exceptions.irqtest
                0x01000074       0x10 ../bsp//libucosii_bsp.a(alt_irq_entry.o)
 *(.exceptions.irqhandler.user)
 *(.exceptions.irqhandler)
 .exceptions.irqhandler
                0x01000084        0x4 ../bsp//libucosii_bsp.a(alt_irq_entry.o)
 *(.exceptions.irqreturn.user)
 *(.exceptions.irqreturn)
 .exceptions.irqreturn
                0x01000088        0x4 ../bsp//libucosii_bsp.a(alt_irq_entry.o)
 *(.exceptions.notirq.label)
 .exceptions.notirq.label
                0x0100008c        0x0 ../bsp//libucosii_bsp.a(alt_irq_entry.o)
 *(.exceptions.notirq.user)
 *(.exceptions.notirq)
 .exceptions.notirq
                0x0100008c        0x8 ../bsp//libucosii_bsp.a(alt_exception_entry.o)
 *(.exceptions.soft.user)
 *(.exceptions.soft)
 *(.exceptions.unknown.user)
 *(.exceptions.unknown)
 .exceptions.unknown
                0x01000094        0x4 ../bsp//libucosii_bsp.a(alt_exception_entry.o)
 *(.exceptions.exit.label)
 .exceptions.exit.label
                0x01000098        0x0 ../bsp//libucosii_bsp.a(alt_irq_entry.o)
 .exceptions.exit.label
                0x01000098        0x0 ../bsp//libucosii_bsp.a(alt_exception_entry.o)
 *(.exceptions.exit.user)
 *(.exceptions.exit)
 .exceptions.exit
                0x01000098       0x54 ../bsp//libucosii_bsp.a(alt_exception_entry.o)
 *(.exceptions)
 .exceptions    0x010000ec       0x58 ../bsp//libucosii_bsp.a(alt_irq_handler.o)
                0x010000ec                alt_irq_handler
                0x01000144                PROVIDE (__ram_exceptions_end, ABSOLUTE (.))
                0x00100000                PROVIDE (__flash_exceptions_start, LOADADDR (.exceptions))

.text           0x00100124    0x123c4
                0x00100124                PROVIDE (stext, ABSOLUTE (.))
 *(.interp)
 *(.hash)
 *(.dynsym)
 *(.dynstr)
 *(.gnu.version)
 *(.gnu.version_d)
 *(.gnu.version_r)
 *(.rel.init)
 *(.rela.init)
 *(.rel.text .rel.text.* .rel.gnu.linkonce.t.*)
 *(.rela.text .rela.text.* .rela.gnu.linkonce.t.*)
 *(.rel.fini)
 *(.rela.fini)
 *(.rel.rodata .rel.rodata.* .rel.gnu.linkonce.r.*)
 *(.rela.rodata .rela.rodata.* .rela.gnu.linkonce.r.*)
 *(.rel.data .rel.data.* .rel.gnu.linkonce.d.*)
 *(.rela.data .rela.data.* .rela.gnu.linkonce.d.*)
 *(.rel.tdata .rel.tdata.* .rel.gnu.linkonce.td.*)
 *(.rela.tdata .rela.tdata.* .rela.gnu.linkonce.td.*)
 *(.rel.tbss .rel.tbss.* .rel.gnu.linkonce.tb.*)
 *(.rela.tbss .rela.tbss.* .rela.gnu.linkonce.tb.*)
 *(.rel.ctors)
 *(.rela.ctors)
 *(.rel.dtors)
 *(.rela.dtors)
 *(.rel.got)
 *(.rela.got)
 *(.rel.sdata .rel.sdata.* .rel.gnu.linkonce.s.*)
 *(.rela.sdata .rela.sdata.* .rela.gnu.linkonce.s.*)
 *(.rel.sbss .rel.sbss.* .rel.gnu.linkonce.sb.*)
 *(.rela.sbss .rela.sbss.* .rela.gnu.linkonce.sb.*)
 *(.rel.sdata2 .rel.sdata2.* .rel.gnu.linkonce.s2.*)
 *(.rela.sdata2 .rela.sdata2.* .rela.gnu.linkonce.s2.*)
 *(.rel.sbss2 .rel.sbss2.* .rel.gnu.linkonce.sb2.*)
 *(.rela.sbss2 .rela.sbss2.* .rela.gnu.linkonce.sb2.*)
 *(.rel.bss .rel.bss.* .rel.gnu.linkonce.b.*)
 *(.rela.bss .rela.bss.* .rela.gnu.linkonce.b.*)
 *(.rel.plt)
 *(.rela.plt)
 *(.rel.dyn)
 *(.init)
 *(.plt)
 *(.text .stub .text.* .gnu.linkonce.t.*)
 .text          0x00100124       0x3c ../bsp//obj/HAL/src/crt0.o
                0x00100124                _start
 .text          0x00100160     0x12b4 obj/default/cruise_skeleton.o
                0x00100160                buttons_pressed
                0x00100188                switches_pressed
                0x001001ac                alarm_handler
                0x001001dc                int2seven
                0x00100218                show_velocity_on_sevenseg
                0x00100308                show_target_velocity
                0x001003d0                show_position
                0x00100434                c_timer_callback
                0x00100460                v_timer_callback
                0x0010048c                b_timer_callback
                0x001004b8                s_timer_callback
                0x001004e4                overload_timer_callback
                0x00100510                extra_timer_callback
                0x0010053c                ExtraTask
                0x001005f0                OverloadDetectionTask
                0x00100630                WatchdogTask
                0x00100688                VehicleTask
                0x00100a1c                ControlTask
                0x00100cec                SwitchIOTask
                0x00100de8                ButtonIOTask
                0x00100ed8                StartTask
                0x00101398                main
 .text          0x00101414      0x504 /opt/altera/13.0sp1/nios2eds/bin/gnu/H-i686-pc-linux-gnu/bin/../lib/gcc/nios2-elf/4.1.2/mno-hw-mul/libgcc.a(_addsub_df.o)
                0x00101824                __subdf3
                0x001018a4                __adddf3
 .text          0x00101918      0x258 /opt/altera/13.0sp1/nios2eds/bin/gnu/H-i686-pc-linux-gnu/bin/../lib/gcc/nios2-elf/4.1.2/mno-hw-mul/libgcc.a(_div_df.o)
                0x00101918                __divdf3
 .text          0x00101b70       0xf8 /opt/altera/13.0sp1/nios2eds/bin/gnu/H-i686-pc-linux-gnu/bin/../lib/gcc/nios2-elf/4.1.2/mno-hw-mul/libgcc.a(_si_to_df.o)
                0x00101b70                __floatsidf
 .text          0x00101c68       0xd8 /opt/altera/13.0sp1/nios2eds/bin/gnu/H-i686-pc-linux-gnu/bin/../lib/gcc/nios2-elf/4.1.2/mno-hw-mul/libgcc.a(_df_to_si.o)
                0x00101c68                __fixdfsi
 .text          0x00101d40        0x0 /opt/altera/13.0sp1/nios2eds/bin/gnu/H-i686-pc-linux-gnu/bin/../lib/gcc/nios2-elf/4.1.2/mno-hw-mul/libgcc.a(_thenan_df.o)
 .text          0x00101d40      0x14c /opt/altera/13.0sp1/nios2eds/bin/gnu/H-i686-pc-linux-gnu/bin/../lib/gcc/nios2-elf/4.1.2/mno-hw-mul/libgcc.a(lib2-divmod.o)
                0x00101dbc                __divsi3
                0x00101e1c                __modsi3
                0x00101e7c                __udivsi3
                0x00101e84                __umodsi3
 .text          0x00101e8c       0x38 /opt/altera/13.0sp1/nios2eds/bin/gnu/H-i686-pc-linux-gnu/bin/../lib/gcc/nios2-elf/4.1.2/mno-hw-mul/libgcc.a(lib2-mul.o)
                0x00101e8c                __mulsi3
 .text          0x00101ec4       0x80 /opt/altera/13.0sp1/nios2eds/bin/gnu/H-i686-pc-linux-gnu/bin/../lib/gcc/nios2-elf/4.1.2/mno-hw-mul/libgcc.a(_clzsi2.o)
                0x00101ec4                __clzsi2
 .text          0x00101f44      0x314 /opt/altera/13.0sp1/nios2eds/bin/gnu/H-i686-pc-linux-gnu/bin/../lib/gcc/nios2-elf/4.1.2/mno-hw-mul/libgcc.a(_pack_df.o)
                0x00101f44                __pack_d
 .text          0x00102258      0x138 /opt/altera/13.0sp1/nios2eds/bin/gnu/H-i686-pc-linux-gnu/bin/../lib/gcc/nios2-elf/4.1.2/mno-hw-mul/libgcc.a(_unpack_df.o)
                0x00102258                __unpack_d
 .text          0x00102390        0x0 /opt/altera/13.0sp1/nios2eds/bin/gnu/H-i686-pc-linux-gnu/bin/../lib/gcc/nios2-elf/4.1.2/mno-hw-mul/libgcc.a(_clz.o)
 .text          0x00102390       0x78 /opt/altera/13.0sp1/nios2eds/bin/gnu/H-i686-pc-linux-gnu/bin/../lib/gcc/nios2-elf/4.1.2/../../../../nios2-elf/lib/mno-hw-mul/libc.a(lib_a-printf.o)
                0x00102390                printf
                0x001023d4                _printf_r
 .text          0x00102408       0xb4 /opt/altera/13.0sp1/nios2eds/bin/gnu/H-i686-pc-linux-gnu/bin/../lib/gcc/nios2-elf/4.1.2/../../../../nios2-elf/lib/mno-hw-mul/libc.a(lib_a-puts.o)
                0x00102408                _puts_r
                0x001024a8                puts
 .text          0x001024bc       0x74 /opt/altera/13.0sp1/nios2eds/bin/gnu/H-i686-pc-linux-gnu/bin/../lib/gcc/nios2-elf/4.1.2/../../../../nios2-elf/lib/mno-hw-mul/libc.a(lib_a-strlen.o)
                0x001024bc                strlen
 .text          0x00102530     0x1f40 /opt/altera/13.0sp1/nios2eds/bin/gnu/H-i686-pc-linux-gnu/bin/../lib/gcc/nios2-elf/4.1.2/../../../../nios2-elf/lib/mno-hw-mul/libc.a(lib_a-vfprintf.o)
                0x00102588                ___vfprintf_internal_r
                0x0010444c                __vfprintf_internal
 .text          0x00104470      0x13c /opt/altera/13.0sp1/nios2eds/bin/gnu/H-i686-pc-linux-gnu/bin/../lib/gcc/nios2-elf/4.1.2/../../../../nios2-elf/lib/mno-hw-mul/libc.a(lib_a-wsetup.o)
                0x00104470                __swsetup_r
 .text          0x001045ac     0x17f8 /opt/altera/13.0sp1/nios2eds/bin/gnu/H-i686-pc-linux-gnu/bin/../lib/gcc/nios2-elf/4.1.2/../../../../nios2-elf/lib/mno-hw-mul/libc.a(lib_a-dtoa.o)
                0x001047f0                _dtoa_r
 .text          0x00105da4      0x230 /opt/altera/13.0sp1/nios2eds/bin/gnu/H-i686-pc-linux-gnu/bin/../lib/gcc/nios2-elf/4.1.2/../../../../nios2-elf/lib/mno-hw-mul/libc.a(lib_a-fflush.o)
                0x00105da4                _fflush_r
                0x00105fa0                fflush
 .text          0x00105fd4      0x2f4 /opt/altera/13.0sp1/nios2eds/bin/gnu/H-i686-pc-linux-gnu/bin/../lib/gcc/nios2-elf/4.1.2/../../../../nios2-elf/lib/mno-hw-mul/libc.a(lib_a-findfp.o)
                0x0010602c                __sfp_lock_acquire
                0x00106030                __sfp_lock_release
                0x00106034                __sinit_lock_acquire
                0x00106038                __sinit_lock_release
                0x0010603c                __sinit
                0x001060f0                __fp_unlock_all
                0x00106108                __fp_lock_all
                0x00106120                _cleanup_r
                0x0010612c                _cleanup
                0x0010613c                __sfmoreglue
                0x001061d8                __sfp
 .text          0x001062c8      0x440 /opt/altera/13.0sp1/nios2eds/bin/gnu/H-i686-pc-linux-gnu/bin/../lib/gcc/nios2-elf/4.1.2/../../../../nios2-elf/lib/mno-hw-mul/libc.a(lib_a-freer.o)
                0x001062c8                _malloc_trim_r
                0x001063f4                _free_r
 .text          0x00106708      0x49c /opt/altera/13.0sp1/nios2eds/bin/gnu/H-i686-pc-linux-gnu/bin/../lib/gcc/nios2-elf/4.1.2/../../../../nios2-elf/lib/mno-hw-mul/libc.a(lib_a-fvwrite.o)
                0x00106708                __sfvwrite_r
 .text          0x00106ba4      0x180 /opt/altera/13.0sp1/nios2eds/bin/gnu/H-i686-pc-linux-gnu/bin/../lib/gcc/nios2-elf/4.1.2/../../../../nios2-elf/lib/mno-hw-mul/libc.a(lib_a-fwalk.o)
                0x00106ba4                _fwalk_reent
                0x00106c6c                _fwalk
 .text          0x00106d24        0x0 /opt/altera/13.0sp1/nios2eds/bin/gnu/H-i686-pc-linux-gnu/bin/../lib/gcc/nios2-elf/4.1.2/../../../../nios2-elf/lib/mno-hw-mul/libc.a(lib_a-impure.o)
 .text          0x00106d24       0xc4 /opt/altera/13.0sp1/nios2eds/bin/gnu/H-i686-pc-linux-gnu/bin/../lib/gcc/nios2-elf/4.1.2/../../../../nios2-elf/lib/mno-hw-mul/libc.a(lib_a-locale.o)
                0x00106d24                __locale_charset
                0x00106d2c                _localeconv_r
                0x00106d38                localeconv
                0x00106d48                _setlocale_r
                0x00106dcc                setlocale
 .text          0x00106de8      0x194 /opt/altera/13.0sp1/nios2eds/bin/gnu/H-i686-pc-linux-gnu/bin/../lib/gcc/nios2-elf/4.1.2/../../../../nios2-elf/lib/mno-hw-mul/libc.a(lib_a-makebuf.o)
                0x00106de8                __smakebuf_r
 .text          0x00106f7c      0x740 /opt/altera/13.0sp1/nios2eds/bin/gnu/H-i686-pc-linux-gnu/bin/../lib/gcc/nios2-elf/4.1.2/../../../../nios2-elf/lib/mno-hw-mul/libc.a(lib_a-mallocr.o)
                0x00106f7c                _malloc_r
 .text          0x001076bc       0xe4 /opt/altera/13.0sp1/nios2eds/bin/gnu/H-i686-pc-linux-gnu/bin/../lib/gcc/nios2-elf/4.1.2/../../../../nios2-elf/lib/mno-hw-mul/libc.a(lib_a-memchr.o)
                0x001076bc                memchr
 .text          0x001077a0       0xa0 /opt/altera/13.0sp1/nios2eds/bin/gnu/H-i686-pc-linux-gnu/bin/../lib/gcc/nios2-elf/4.1.2/../../../../nios2-elf/lib/mno-hw-mul/libc.a(lib_a-memcpy.o)
                0x001077a0                memcpy
 .text          0x00107840       0xe0 /opt/altera/13.0sp1/nios2eds/bin/gnu/H-i686-pc-linux-gnu/bin/../lib/gcc/nios2-elf/4.1.2/../../../../nios2-elf/lib/mno-hw-mul/libc.a(lib_a-memmove.o)
                0x00107840                memmove
 .text          0x00107920       0x98 /opt/altera/13.0sp1/nios2eds/bin/gnu/H-i686-pc-linux-gnu/bin/../lib/gcc/nios2-elf/4.1.2/../../../../nios2-elf/lib/mno-hw-mul/libc.a(lib_a-memset.o)
                0x00107920                memset
 .text          0x001079b8     0x108c /opt/altera/13.0sp1/nios2eds/bin/gnu/H-i686-pc-linux-gnu/bin/../lib/gcc/nios2-elf/4.1.2/../../../../nios2-elf/lib/mno-hw-mul/libc.a(lib_a-mprec.o)
                0x001079b8                _Bfree
                0x001079e0                __hi0bits
                0x00107a50                __lo0bits
                0x00107b14                __mcmp
                0x00107b74                __ulp
                0x00107bf4                __b2d
                0x00107d14                __ratio
                0x00107dc4                _mprec_log10
                0x00107e58                __copybits
                0x00107eb0                __any_on
                0x00107f38                _Balloc
                0x00107ff4                __d2b
                0x00108170                __mdiff
                0x001082fc                __lshift
                0x00108448                __multiply
                0x0010869c                __i2b
                0x001086d8                __multadd
                0x00108804                __pow5mult
                0x00108924                __s2b
 .text          0x00108a44      0x5f4 /opt/altera/13.0sp1/nios2eds/bin/gnu/H-i686-pc-linux-gnu/bin/../lib/gcc/nios2-elf/4.1.2/../../../../nios2-elf/lib/mno-hw-mul/libc.a(lib_a-reallocr.o)
                0x00108a44                _realloc_r
 .text          0x00109038       0x40 /opt/altera/13.0sp1/nios2eds/bin/gnu/H-i686-pc-linux-gnu/bin/../lib/gcc/nios2-elf/4.1.2/../../../../nios2-elf/lib/mno-hw-mul/libc.a(lib_a-s_isinfd.o)
                0x00109038                __isinfd
 .text          0x00109078       0x30 /opt/altera/13.0sp1/nios2eds/bin/gnu/H-i686-pc-linux-gnu/bin/../lib/gcc/nios2-elf/4.1.2/../../../../nios2-elf/lib/mno-hw-mul/libc.a(lib_a-s_isnand.o)
                0x00109078                __isnand
 .text          0x001090a8       0x70 /opt/altera/13.0sp1/nios2eds/bin/gnu/H-i686-pc-linux-gnu/bin/../lib/gcc/nios2-elf/4.1.2/../../../../nios2-elf/lib/mno-hw-mul/libc.a(lib_a-sbrkr.o)
                0x001090a8                _sbrk_r
 .text          0x00109118      0x14c /opt/altera/13.0sp1/nios2eds/bin/gnu/H-i686-pc-linux-gnu/bin/../lib/gcc/nios2-elf/4.1.2/../../../../nios2-elf/lib/mno-hw-mul/libc.a(lib_a-stdio.o)
                0x00109118                __sclose
                0x00109120                __sseek
                0x00109188                __swrite
                0x00109204                __sread
 .text          0x00109264       0xbc /opt/altera/13.0sp1/nios2eds/bin/gnu/H-i686-pc-linux-gnu/bin/../lib/gcc/nios2-elf/4.1.2/../../../../nios2-elf/lib/mno-hw-mul/libc.a(lib_a-strcmp.o)
                0x00109264                strcmp
 .text          0x00109320       0x78 /opt/altera/13.0sp1/nios2eds/bin/gnu/H-i686-pc-linux-gnu/bin/../lib/gcc/nios2-elf/4.1.2/../../../../nios2-elf/lib/mno-hw-mul/libc.a(lib_a-writer.o)
                0x00109320                _write_r
 .text          0x00109398       0xc8 /opt/altera/13.0sp1/nios2eds/bin/gnu/H-i686-pc-linux-gnu/bin/../lib/gcc/nios2-elf/4.1.2/../../../../nios2-elf/lib/mno-hw-mul/libc.a(lib_a-callocr.o)
                0x00109398                _calloc_r
 .text          0x00109460       0x70 /opt/altera/13.0sp1/nios2eds/bin/gnu/H-i686-pc-linux-gnu/bin/../lib/gcc/nios2-elf/4.1.2/../../../../nios2-elf/lib/mno-hw-mul/libc.a(lib_a-closer.o)
                0x00109460                _close_r
 .text          0x001094d0      0x124 /opt/altera/13.0sp1/nios2eds/bin/gnu/H-i686-pc-linux-gnu/bin/../lib/gcc/nios2-elf/4.1.2/../../../../nios2-elf/lib/mno-hw-mul/libc.a(lib_a-fclose.o)
                0x001094d0                _fclose_r
                0x001095e0                fclose
 .text          0x001095f4       0x74 /opt/altera/13.0sp1/nios2eds/bin/gnu/H-i686-pc-linux-gnu/bin/../lib/gcc/nios2-elf/4.1.2/../../../../nios2-elf/lib/mno-hw-mul/libc.a(lib_a-fstatr.o)
                0x001095f4                _fstat_r
 .text          0x00109668        0x0 /opt/altera/13.0sp1/nios2eds/bin/gnu/H-i686-pc-linux-gnu/bin/../lib/gcc/nios2-elf/4.1.2/../../../../nios2-elf/lib/mno-hw-mul/libc.a(lib_a-int_errno.o)
 .text          0x00109668       0x70 /opt/altera/13.0sp1/nios2eds/bin/gnu/H-i686-pc-linux-gnu/bin/../lib/gcc/nios2-elf/4.1.2/../../../../nios2-elf/lib/mno-hw-mul/libc.a(lib_a-isattyr.o)
                0x00109668                _isatty_r
 .text          0x001096d8       0x78 /opt/altera/13.0sp1/nios2eds/bin/gnu/H-i686-pc-linux-gnu/bin/../lib/gcc/nios2-elf/4.1.2/../../../../nios2-elf/lib/mno-hw-mul/libc.a(lib_a-lseekr.o)
                0x001096d8                _lseek_r
 .text          0x00109750       0x78 /opt/altera/13.0sp1/nios2eds/bin/gnu/H-i686-pc-linux-gnu/bin/../lib/gcc/nios2-elf/4.1.2/../../../../nios2-elf/lib/mno-hw-mul/libc.a(lib_a-readr.o)
                0x00109750                _read_r
 .text          0x001097c8      0x66c /opt/altera/13.0sp1/nios2eds/bin/gnu/H-i686-pc-linux-gnu/bin/../lib/gcc/nios2-elf/4.1.2/mno-hw-mul/libgcc.a(_udivdi3.o)
                0x001097c8                __udivdi3
 .text          0x00109e34      0x660 /opt/altera/13.0sp1/nios2eds/bin/gnu/H-i686-pc-linux-gnu/bin/../lib/gcc/nios2-elf/4.1.2/mno-hw-mul/libgcc.a(_umoddi3.o)
                0x00109e34                __umoddi3
 .text          0x0010a494      0x3c4 /opt/altera/13.0sp1/nios2eds/bin/gnu/H-i686-pc-linux-gnu/bin/../lib/gcc/nios2-elf/4.1.2/mno-hw-mul/libgcc.a(_mul_df.o)
                0x0010a494                __muldf3
 .text          0x0010a858       0x88 /opt/altera/13.0sp1/nios2eds/bin/gnu/H-i686-pc-linux-gnu/bin/../lib/gcc/nios2-elf/4.1.2/mno-hw-mul/libgcc.a(_eq_df.o)
                0x0010a858                __eqdf2
 .text          0x0010a8e0       0x88 /opt/altera/13.0sp1/nios2eds/bin/gnu/H-i686-pc-linux-gnu/bin/../lib/gcc/nios2-elf/4.1.2/mno-hw-mul/libgcc.a(_ne_df.o)
                0x0010a8e0                __nedf2
 .text          0x0010a968       0x88 /opt/altera/13.0sp1/nios2eds/bin/gnu/H-i686-pc-linux-gnu/bin/../lib/gcc/nios2-elf/4.1.2/mno-hw-mul/libgcc.a(_gt_df.o)
                0x0010a968                __gtdf2
 .text          0x0010a9f0       0x88 /opt/altera/13.0sp1/nios2eds/bin/gnu/H-i686-pc-linux-gnu/bin/../lib/gcc/nios2-elf/4.1.2/mno-hw-mul/libgcc.a(_ge_df.o)
                0x0010a9f0                __gedf2
 .text          0x0010aa78       0x88 /opt/altera/13.0sp1/nios2eds/bin/gnu/H-i686-pc-linux-gnu/bin/../lib/gcc/nios2-elf/4.1.2/mno-hw-mul/libgcc.a(_lt_df.o)
                0x0010aa78                __ltdf2
 .text          0x0010ab00      0x194 /opt/altera/13.0sp1/nios2eds/bin/gnu/H-i686-pc-linux-gnu/bin/../lib/gcc/nios2-elf/4.1.2/mno-hw-mul/libgcc.a(_usi_to_df.o)
                0x0010ab00                __floatunsidf
 .text          0x0010ac94      0x124 /opt/altera/13.0sp1/nios2eds/bin/gnu/H-i686-pc-linux-gnu/bin/../lib/gcc/nios2-elf/4.1.2/mno-hw-mul/libgcc.a(_muldi3.o)
                0x0010ac94                __muldi3
 .text          0x0010adb8       0xc8 /opt/altera/13.0sp1/nios2eds/bin/gnu/H-i686-pc-linux-gnu/bin/../lib/gcc/nios2-elf/4.1.2/mno-hw-mul/libgcc.a(_fpcmp_parts_df.o)
                0x0010adb8                __fpcmp_parts_d
 .text          0x0010ae80       0x90 ../bsp//libucosii_bsp.a(alt_alarm_start.o)
                0x0010ae80                alt_alarm_start
 .text          0x0010af10       0xbc ../bsp//libucosii_bsp.a(alt_close.o)
                0x0010af30                close
 .text          0x0010afcc        0x8 ../bsp//libucosii_bsp.a(alt_dev.o)
 .text          0x0010afd4        0x0 ../bsp//libucosii_bsp.a(alt_errno.o)
 .text          0x0010afd4       0x9c ../bsp//libucosii_bsp.a(alt_fstat.o)
                0x0010afd4                fstat
 .text          0x0010b070       0x94 ../bsp//libucosii_bsp.a(alt_isatty.o)
                0x0010b070                isatty
 .text          0x0010b104       0x8c ../bsp//libucosii_bsp.a(alt_load.o)
                0x0010b124                alt_load
 .text          0x0010b190       0xb8 ../bsp//libucosii_bsp.a(alt_lseek.o)
                0x0010b190                lseek
 .text          0x0010b248       0xa8 ../bsp//libucosii_bsp.a(alt_main.o)
                0x0010b248                alt_main
 .text          0x0010b2f0       0xd8 ../bsp//libucosii_bsp.a(alt_read.o)
                0x0010b310                read
 .text          0x0010b3c8       0x5c ../bsp//libucosii_bsp.a(alt_release_fd.o)
                0x0010b3c8                alt_release_fd
 .text          0x0010b424       0x50 ../bsp//libucosii_bsp.a(alt_sbrk.o)
                0x0010b424                sbrk
 .text          0x0010b474       0xe0 ../bsp//libucosii_bsp.a(alt_tick.o)
                0x0010b474                alt_alarm_stop
                0x0010b4a8                alt_tick
 .text          0x0010b554       0xd4 ../bsp//libucosii_bsp.a(alt_write.o)
                0x0010b574                write
 .text          0x0010b628       0xa8 ../bsp//libucosii_bsp.a(alt_env_lock.o)
                0x0010b628                __env_unlock
                0x0010b650                __env_lock
 .text          0x0010b6d0      0x110 ../bsp//libucosii_bsp.a(alt_malloc_lock.o)
                0x0010b6d0                __malloc_unlock
                0x0010b72c                __malloc_lock
 .text          0x0010b7e0     0x1118 ../bsp//libucosii_bsp.a(os_core.o)
                0x0010b7e0                OSVersion
                0x0010b7e8                OS_Dummy
                0x0010b7ec                OS_EventTaskWait
                0x0010b870                OS_EventTaskWaitMulti
                0x0010b910                OS_EventTaskRemove
                0x0010b95c                OS_EventTaskRemoveMulti
                0x0010b9b8                OS_EventTaskRdy
                0x0010baac                OS_EventWaitListInit
                0x0010bac8                OS_MemClr
                0x0010bae4                OS_MemCopy
                0x0010bb08                OS_StrCopy
                0x0010bb34                OS_StrLen
                0x0010bb54                OS_TaskStatStkChk
                0x0010bbd8                OS_Sched
                0x0010bc90                OSStart
                0x0010bcfc                OSInit
                0x0010bedc                OSEventNameGet
                0x0010bf94                OSEventPendMulti
                0x0010c2ec                OSIntEnter
                0x0010c328                OSSchedLock
                0x0010c36c                OSSchedUnlock
                0x0010c3c0                OSStatInit
                0x0010c424                OSTimeTick
                0x0010c530                OS_TaskIdle
                0x0010c560                OS_TaskStat
                0x0010c5e4                OS_TCBInit
                0x0010c768                OSIntExit
                0x0010c83c                OSEventNameSet
 .text          0x0010c8f8        0x4 ../bsp//libucosii_bsp.a(os_dbg.o)
                0x0010c8f8                OSDebugInit
 .text          0x0010c8fc      0xc5c ../bsp//libucosii_bsp.a(os_flag.o)
                0x0010c9b4                OS_FlagUnlink
                0x0010ca80                OS_FlagInit
                0x0010caf0                OSFlagQuery
                0x0010cb4c                OSFlagAccept
                0x0010ccbc                OSFlagCreate
                0x0010cd44                OSFlagDel
                0x0010cea4                OSFlagNameGet
                0x0010cf64                OSFlagNameSet
                0x0010d038                OSFlagPend
                0x0010d338                OSFlagPendGetFlagsRdy
                0x0010d364                OSFlagPost
 .text          0x0010d558      0x67c ../bsp//libucosii_bsp.a(os_mbox.o)
                0x0010d558                OSMboxQuery
                0x0010d5d4                OSMboxAccept
                0x0010d60c                OSMboxCreate
                0x0010d698                OSMboxDel
                0x0010d7e0                OSMboxPend
                0x0010d970                OSMboxPendAbort
                0x0010da54                OSMboxPost
                0x0010daf0                OSMboxPostOpt
 .text          0x0010dbd4      0x3b8 ../bsp//libucosii_bsp.a(os_mem.o)
                0x0010dbd4                OS_MemInit
                0x0010dc3c                OSMemQuery
                0x0010dca0                OSMemCreate
                0x0010dd70                OSMemGet
                0x0010dddc                OSMemNameGet
                0x0010de78                OSMemNameSet
                0x0010df34                OSMemPut
 .text          0x0010df8c      0x9c4 ../bsp//libucosii_bsp.a(os_q.o)
                0x0010df8c                OS_QInit
                0x0010dfdc                OSQQuery
                0x0010e074                OSQAccept
                0x0010e110                OSQCreate
                0x0010e210                OSQDel
                0x0010e394                OSQFlush
                0x0010e3e4                OSQPend
                0x0010e5a4                OSQPendAbort
                0x0010e68c                OSQPost
                0x0010e748                OSQPostFront
                0x0010e80c                OSQPostOpt
 .text          0x0010e950      0x5e0 ../bsp//libucosii_bsp.a(os_sem.o)
                0x0010e950                OSSemSet
                0x0010e9b4                OSSemAccept
                0x0010e9f8                OSSemCreate
                0x0010ea84                OSSemDel
                0x0010ebd8                OSSemPend
                0x0010ed40                OSSemPendAbort
                0x0010ee2c                OSSemPost
                0x0010eec8                OSSemQuery
 .text          0x0010ef30      0xe74 ../bsp//libucosii_bsp.a(os_task.o)
                0x0010ef30                OS_TaskStkClr
                0x0010ef60                OSTaskQuery
                0x0010f028                OSTaskChangePrio
                0x0010f2c4                OSTaskCreate
                0x0010f3d0                OSTaskCreateExt
                0x0010f548                OSTaskDel
                0x0010f794                OSTaskDelReq
                0x0010f848                OSTaskNameGet
                0x0010f950                OSTaskNameSet
                0x0010fa6c                OSTaskResume
                0x0010fb70                OSTaskStkChk
                0x0010fc60                OSTaskSuspend
 .text          0x0010fda4      0x378 ../bsp//libucosii_bsp.a(os_time.o)
                0x0010fda4                OSTimeSet
                0x0010fdc8                OSTimeDly
                0x0010fe60                OSTimeDlyHMSM
                0x00110000                OSTimeDlyResume
                0x001100f8                OSTimeGet
 .text          0x0011011c      0xb94 ../bsp//libucosii_bsp.a(os_tmr.o)
                0x00110288                OSTmr_Init
                0x001104e4                OSTmrStop
                0x00110640                OSTmrStart
                0x00110744                OSTmrStateGet
                0x001107ec                OSTmrRemainGet
                0x00110904                OSTmrDel
                0x00110a00                OSTmrSignal
                0x00110a28                OSTmrNameGet
                0x00110b14                OSTmrCreate
 .text          0x00110cb0       0x9c ../bsp//libucosii_bsp.a(alt_sys_init.o)
                0x00110cbc                alt_sys_init
                0x00110d2c                alt_irq_init
 .text          0x00110d4c       0x3c ../bsp//libucosii_bsp.a(altera_avalon_jtag_uart_fd.o)
                0x00110d4c                altera_avalon_jtag_uart_ioctl_fd
                0x00110d58                altera_avalon_jtag_uart_close_fd
                0x00110d68                altera_avalon_jtag_uart_write_fd
                0x00110d78                altera_avalon_jtag_uart_read_fd
 .text          0x00110d88      0x2f4 ../bsp//libucosii_bsp.a(altera_avalon_jtag_uart_init.o)
                0x00110d88                altera_avalon_jtag_uart_close
                0x00110e48                altera_avalon_jtag_uart_init
 .text          0x0011107c       0x7c ../bsp//libucosii_bsp.a(altera_avalon_jtag_uart_ioctl.o)
                0x0011107c                altera_avalon_jtag_uart_ioctl
 .text          0x001110f8      0x1ac ../bsp//libucosii_bsp.a(altera_avalon_jtag_uart_read.o)
                0x001110f8                altera_avalon_jtag_uart_read
 .text          0x001112a4      0x1b8 ../bsp//libucosii_bsp.a(altera_avalon_jtag_uart_write.o)
                0x001112a4                altera_avalon_jtag_uart_write
 .text          0x0011145c       0x8c ../bsp//libucosii_bsp.a(altera_avalon_timer_sc.o)
                0x0011145c                alt_avalon_timer_sc_init
 .text          0x001114e8      0x250 ../bsp//libucosii_bsp.a(altera_up_avalon_character_lcd.o)
                0x001114e8                get_DDRAM_addr
                0x00111500                alt_up_character_lcd_string
                0x0011151c                alt_up_character_lcd_write
                0x00111540                alt_up_character_lcd_write_fd
                0x00111560                alt_up_character_lcd_init
                0x00111570                alt_up_character_lcd_send_cmd
                0x00111580                alt_up_character_lcd_cursor_blink_on
                0x00111588                alt_up_character_lcd_cursor_off
                0x00111590                alt_up_character_lcd_erase_pos
                0x001115f4                alt_up_character_lcd_shift_display
                0x00111664                alt_up_character_lcd_shift_cursor
                0x001116d4                alt_up_character_lcd_set_cursor_pos
                0x0011172c                alt_up_character_lcd_open_dev
 .text          0x00111738        0x4 ../bsp//libucosii_bsp.a(alt_dcache_flush_all.o)
                0x00111738                alt_dcache_flush_all
 .text          0x0011173c       0x70 ../bsp//libucosii_bsp.a(alt_dev_llist_insert.o)
                0x0011173c                alt_dev_llist_insert
 .text          0x001117ac       0x40 ../bsp//libucosii_bsp.a(alt_do_ctors.o)
                0x001117ac                _do_ctors
 .text          0x001117ec       0x40 ../bsp//libucosii_bsp.a(alt_do_dtors.o)
                0x001117ec                _do_dtors
 .text          0x0011182c       0x70 ../bsp//libucosii_bsp.a(alt_find_dev.o)
                0x0011182c                alt_find_dev
 .text          0x0011189c        0x4 ../bsp//libucosii_bsp.a(alt_icache_flush_all.o)
                0x0011189c                alt_icache_flush_all
 .text          0x001118a0       0x9c ../bsp//libucosii_bsp.a(alt_iic.o)
                0x001118a0                alt_ic_irq_enabled
                0x001118b8                alt_ic_irq_enable
                0x001118f8                alt_ic_irq_disable
                0x00111938                alt_ic_isr_register
 .text          0x0011193c       0x6c ../bsp//libucosii_bsp.a(alt_iic_isr_register.o)
                0x0011193c                alt_iic_isr_register
 .text          0x001119a8      0x114 ../bsp//libucosii_bsp.a(alt_io_redirect.o)
                0x00111a30                alt_io_redirect
 .text          0x00111abc        0x0 ../bsp//libucosii_bsp.a(alt_irq_entry.o)
 .text          0x00111abc        0x0 ../bsp//libucosii_bsp.a(alt_irq_handler.o)
 .text          0x00111abc        0x0 ../bsp//libucosii_bsp.a(alt_irq_vars.o)
 .text          0x00111abc      0x17c ../bsp//libucosii_bsp.a(alt_open.o)
                0x00111abc                open
 .text          0x00111c38        0x8 ../bsp//libucosii_bsp.a(altera_nios2_qsys_irq.o)
                0x00111c38                altera_nios2_qsys_irq_init
 .text          0x00111c40       0xd0 ../bsp//libucosii_bsp.a(os_cpu_a.o)
                0x00111c40                OSCtxSw
                0x00111c40                OSIntCtxSw
                0x00111ccc                OSStartHighRdy
                0x00111cec                OSStartTsk
 .text          0x00111d10      0x228 ../bsp//libucosii_bsp.a(os_cpu_c.o)
                0x00111d10                OSTaskCreateHook
                0x00111d14                OSTaskDelHook
                0x00111d18                OSTaskSwHook
                0x00111d1c                OSTaskStatHook
                0x00111d20                OSInitHookBegin
                0x00111d28                OSInitHookEnd
                0x00111d2c                OSTaskIdleHook
                0x00111d30                OSTCBInitHook
                0x00111d34                OSTimeTickHook
                0x00111d8c                OSTaskStkInit
 .text          0x00111f38        0x0 ../bsp//libucosii_bsp.a(alt_exception_entry.o)
 .text          0x00111f38       0x9c ../bsp//libucosii_bsp.a(alt_find_file.o)
                0x00111f38                alt_find_file
 .text          0x00111fd4       0xa4 ../bsp//libucosii_bsp.a(alt_get_fd.o)
                0x00111fd4                alt_get_fd
 .text          0x00112078       0x14 /opt/altera/13.0sp1/nios2eds/bin/gnu/H-i686-pc-linux-gnu/bin/../lib/gcc/nios2-elf/4.1.2/../../../../nios2-elf/lib/mno-hw-mul/libc.a(lib_a-atexit.o)
                0x00112078                atexit
 .text          0x0011208c       0x38 /opt/altera/13.0sp1/nios2eds/bin/gnu/H-i686-pc-linux-gnu/bin/../lib/gcc/nios2-elf/4.1.2/../../../../nios2-elf/lib/mno-hw-mul/libc.a(lib_a-exit.o)
                0x0011208c                exit
 .text          0x001120c4       0x74 /opt/altera/13.0sp1/nios2eds/bin/gnu/H-i686-pc-linux-gnu/bin/../lib/gcc/nios2-elf/4.1.2/../../../../nios2-elf/lib/mno-hw-mul/libc.a(lib_a-memcmp.o)
                0x001120c4                memcmp
 .text          0x00112138      0x134 /opt/altera/13.0sp1/nios2eds/bin/gnu/H-i686-pc-linux-gnu/bin/../lib/gcc/nios2-elf/4.1.2/../../../../nios2-elf/lib/mno-hw-mul/libc.a(lib_a-__atexit.o)
                0x00112138                __register_exitproc
 .text          0x0011226c      0x1b4 /opt/altera/13.0sp1/nios2eds/bin/gnu/H-i686-pc-linux-gnu/bin/../lib/gcc/nios2-elf/4.1.2/../../../../nios2-elf/lib/mno-hw-mul/libc.a(lib_a-__call_atexit.o)
                0x00112270                __call_exitprocs
 .text          0x00112420       0xa4 /opt/altera/13.0sp1/nios2eds/bin/gnu/H-i686-pc-linux-gnu/bin/../lib/gcc/nios2-elf/4.1.2/mno-hw-mul/libgcc.a(_fixunsdfsi.o)
                0x00112420                __fixunsdfsi
 .text          0x001124c4       0x20 ../bsp//libucosii_bsp.a(alt_exit.o)
                0x001124c4                _exit
 *(.gnu.warning.*)
 *(.fini)
                0x001124e4                PROVIDE (__etext, ABSOLUTE (.))
                0x001124e4                PROVIDE (_etext, ABSOLUTE (.))
                0x001124e4                PROVIDE (etext, ABSOLUTE (.))
 *(.eh_frame_hdr)
                0x001124e4                . = ALIGN (0x4)
                0x001124e4                PROVIDE (__preinit_array_start, ABSOLUTE (.))
 *(.preinit_array)
                0x001124e4                PROVIDE (__preinit_array_end, ABSOLUTE (.))
                0x001124e4                PROVIDE (__init_array_start, ABSOLUTE (.))
 *(.init_array)
                0x001124e4                PROVIDE (__init_array_end, ABSOLUTE (.))
                0x001124e4                PROVIDE (__fini_array_start, ABSOLUTE (.))
 *(.fini_array)
                0x001124e4                PROVIDE (__fini_array_end, ABSOLUTE (.))
 *(.eh_frame)
 *(.gcc_except_table)
 *(.dynamic)
                0x001124e4                PROVIDE (__CTOR_LIST__, ABSOLUTE (.))
 *(.ctors)
 *(SORT(.ctors.*))
 .ctors.65535   0x001124e4        0x4 /opt/altera/13.0sp1/nios2eds/bin/gnu/H-i686-pc-linux-gnu/bin/../lib/gcc/nios2-elf/4.1.2/../../../../nios2-elf/lib/mno-hw-mul/libc.a(lib_a-__call_atexit.o)
                0x001124e8                PROVIDE (__CTOR_END__, ABSOLUTE (.))
                0x001124e8                PROVIDE (__DTOR_LIST__, ABSOLUTE (.))
 *(.dtors)
 *(SORT(.dtors.*))
                0x001124e8                PROVIDE (__DTOR_END__, ABSOLUTE (.))
 *(.jcr)
                0x001124e8                . = ALIGN (0x4)

.rodata         0x001124e8      0x5a8
                0x001124e8                PROVIDE (__ram_rodata_start, ABSOLUTE (.))
                0x001124e8                . = ALIGN (0x4)
 *(.rodata .rodata.* .gnu.linkonce.r.*)
 .rodata        0x001124e8      0x110 obj/default/cruise_skeleton.o
 .rodata        0x001125f8       0x14 /opt/altera/13.0sp1/nios2eds/bin/gnu/H-i686-pc-linux-gnu/bin/../lib/gcc/nios2-elf/4.1.2/mno-hw-mul/libgcc.a(_thenan_df.o)
                0x001125f8                __thenan_df
 .rodata        0x0011260c      0x100 /opt/altera/13.0sp1/nios2eds/bin/gnu/H-i686-pc-linux-gnu/bin/../lib/gcc/nios2-elf/4.1.2/mno-hw-mul/libgcc.a(_clz.o)
                0x0011260c                __clz_tab
 .rodata.str1.4
                0x0011270c        0x2 /opt/altera/13.0sp1/nios2eds/bin/gnu/H-i686-pc-linux-gnu/bin/../lib/gcc/nios2-elf/4.1.2/../../../../nios2-elf/lib/mno-hw-mul/libc.a(lib_a-puts.o)
                                  0x4 (size before relaxing)
 *fill*         0x0011270e        0x2 00
 .rodata.str1.4
                0x00112710       0x5e /opt/altera/13.0sp1/nios2eds/bin/gnu/H-i686-pc-linux-gnu/bin/../lib/gcc/nios2-elf/4.1.2/../../../../nios2-elf/lib/mno-hw-mul/libc.a(lib_a-vfprintf.o)
                                 0x60 (size before relaxing)
 .rodata        0x0011276e       0x20 /opt/altera/13.0sp1/nios2eds/bin/gnu/H-i686-pc-linux-gnu/bin/../lib/gcc/nios2-elf/4.1.2/../../../../nios2-elf/lib/mno-hw-mul/libc.a(lib_a-vfprintf.o)
 *fill*         0x0011278e        0x2 00
 .rodata.str1.4
                0x00112790       0x10 /opt/altera/13.0sp1/nios2eds/bin/gnu/H-i686-pc-linux-gnu/bin/../lib/gcc/nios2-elf/4.1.2/../../../../nios2-elf/lib/mno-hw-mul/libc.a(lib_a-dtoa.o)
                                 0x14 (size before relaxing)
 .rodata.str1.4
                0x001127a0        0x2 /opt/altera/13.0sp1/nios2eds/bin/gnu/H-i686-pc-linux-gnu/bin/../lib/gcc/nios2-elf/4.1.2/../../../../nios2-elf/lib/mno-hw-mul/libc.a(lib_a-impure.o)
                                  0x4 (size before relaxing)
 *fill*         0x001127a2        0x2 00
 .rodata.str1.4
                0x001127a4        0xf /opt/altera/13.0sp1/nios2eds/bin/gnu/H-i686-pc-linux-gnu/bin/../lib/gcc/nios2-elf/4.1.2/../../../../nios2-elf/lib/mno-hw-mul/libc.a(lib_a-locale.o)
                                 0x18 (size before relaxing)
 *fill*         0x001127b3        0x1 00
 .rodata        0x001127b4       0x30 /opt/altera/13.0sp1/nios2eds/bin/gnu/H-i686-pc-linux-gnu/bin/../lib/gcc/nios2-elf/4.1.2/../../../../nios2-elf/lib/mno-hw-mul/libc.a(lib_a-locale.o)
 .rodata        0x001127e4      0x124 /opt/altera/13.0sp1/nios2eds/bin/gnu/H-i686-pc-linux-gnu/bin/../lib/gcc/nios2-elf/4.1.2/../../../../nios2-elf/lib/mno-hw-mul/libc.a(lib_a-mprec.o)
                0x001127e4                __mprec_tens
                0x001128ac                __mprec_bigtens
                0x001128d4                __mprec_tinytens
 .rodata.str1.4
                0x00112908        0xa ../bsp//libucosii_bsp.a(alt_dev.o)
                                  0xc (size before relaxing)
 *fill*         0x00112912        0x2 00
 .rodata.str1.4
                0x00112914       0x11 ../bsp//libucosii_bsp.a(alt_main.o)
                                 0x14 (size before relaxing)
 *fill*         0x00112925        0x3 00
 .rodata.str1.4
                0x00112928       0x1e ../bsp//libucosii_bsp.a(os_core.o)
                                 0x20 (size before relaxing)
 .rodata        0x00112946      0x100 ../bsp//libucosii_bsp.a(os_core.o)
                0x00112946                OSUnMapTbl
 *fill*         0x00112a46        0x2 00
 .rodata.str1.4
                0x00112a48       0x35 ../bsp//libucosii_bsp.a(os_tmr.o)
                                 0x38 (size before relaxing)
 *fill*         0x00112a7d        0x3 00
 .rodata.str1.4
                0x00112a80       0x10 ../bsp//libucosii_bsp.a(alt_sys_init.o)
                                 0x24 (size before relaxing)
 .rodata.str1.4
                0x00000000        0x4 ../bsp//libucosii_bsp.a(os_cpu_c.o)
 *(.rodata1)
                0x00112a90                . = ALIGN (0x4)
                0x00112a90                PROVIDE (__ram_rodata_end, ABSOLUTE (.))
                0x001124e8                PROVIDE (__flash_rodata_start, LOADADDR (.rodata))

.rwdata         0x00112a90     0x1b3c load address 0x001145cc
                0x00112a90                PROVIDE (__ram_rwdata_start, ABSOLUTE (.))
                0x00112a90                . = ALIGN (0x4)
 *(.got.plt)
 *(.got)
 *(.data1)
 *(.data .data.* .gnu.linkonce.d.*)
 .data          0x00112a90        0x0 ../bsp//obj/HAL/src/crt0.o
 .data          0x00112a90       0x2c obj/default/cruise_skeleton.o
 .data          0x00112abc        0x0 /opt/altera/13.0sp1/nios2eds/bin/gnu/H-i686-pc-linux-gnu/bin/../lib/gcc/nios2-elf/4.1.2/mno-hw-mul/libgcc.a(_addsub_df.o)
 .data          0x00112abc        0x0 /opt/altera/13.0sp1/nios2eds/bin/gnu/H-i686-pc-linux-gnu/bin/../lib/gcc/nios2-elf/4.1.2/mno-hw-mul/libgcc.a(_div_df.o)
 .data          0x00112abc        0x0 /opt/altera/13.0sp1/nios2eds/bin/gnu/H-i686-pc-linux-gnu/bin/../lib/gcc/nios2-elf/4.1.2/mno-hw-mul/libgcc.a(_si_to_df.o)
 .data          0x00112abc        0x0 /opt/altera/13.0sp1/nios2eds/bin/gnu/H-i686-pc-linux-gnu/bin/../lib/gcc/nios2-elf/4.1.2/mno-hw-mul/libgcc.a(_df_to_si.o)
 .data          0x00112abc        0x0 /opt/altera/13.0sp1/nios2eds/bin/gnu/H-i686-pc-linux-gnu/bin/../lib/gcc/nios2-elf/4.1.2/mno-hw-mul/libgcc.a(_thenan_df.o)
 .data          0x00112abc        0x0 /opt/altera/13.0sp1/nios2eds/bin/gnu/H-i686-pc-linux-gnu/bin/../lib/gcc/nios2-elf/4.1.2/mno-hw-mul/libgcc.a(lib2-divmod.o)
 .data          0x00112abc        0x0 /opt/altera/13.0sp1/nios2eds/bin/gnu/H-i686-pc-linux-gnu/bin/../lib/gcc/nios2-elf/4.1.2/mno-hw-mul/libgcc.a(lib2-mul.o)
 .data          0x00112abc        0x0 /opt/altera/13.0sp1/nios2eds/bin/gnu/H-i686-pc-linux-gnu/bin/../lib/gcc/nios2-elf/4.1.2/mno-hw-mul/libgcc.a(_clzsi2.o)
 .data          0x00112abc        0x0 /opt/altera/13.0sp1/nios2eds/bin/gnu/H-i686-pc-linux-gnu/bin/../lib/gcc/nios2-elf/4.1.2/mno-hw-mul/libgcc.a(_pack_df.o)
 .data          0x00112abc        0x0 /opt/altera/13.0sp1/nios2eds/bin/gnu/H-i686-pc-linux-gnu/bin/../lib/gcc/nios2-elf/4.1.2/mno-hw-mul/libgcc.a(_unpack_df.o)
 .data          0x00112abc        0x0 /opt/altera/13.0sp1/nios2eds/bin/gnu/H-i686-pc-linux-gnu/bin/../lib/gcc/nios2-elf/4.1.2/mno-hw-mul/libgcc.a(_clz.o)
 .data          0x00112abc        0x0 /opt/altera/13.0sp1/nios2eds/bin/gnu/H-i686-pc-linux-gnu/bin/../lib/gcc/nios2-elf/4.1.2/../../../../nios2-elf/lib/mno-hw-mul/libc.a(lib_a-printf.o)
 .data          0x00112abc        0x0 /opt/altera/13.0sp1/nios2eds/bin/gnu/H-i686-pc-linux-gnu/bin/../lib/gcc/nios2-elf/4.1.2/../../../../nios2-elf/lib/mno-hw-mul/libc.a(lib_a-puts.o)
 .data          0x00112abc        0x0 /opt/altera/13.0sp1/nios2eds/bin/gnu/H-i686-pc-linux-gnu/bin/../lib/gcc/nios2-elf/4.1.2/../../../../nios2-elf/lib/mno-hw-mul/libc.a(lib_a-strlen.o)
 .data          0x00112abc        0x0 /opt/altera/13.0sp1/nios2eds/bin/gnu/H-i686-pc-linux-gnu/bin/../lib/gcc/nios2-elf/4.1.2/../../../../nios2-elf/lib/mno-hw-mul/libc.a(lib_a-vfprintf.o)
 .data          0x00112abc        0x0 /opt/altera/13.0sp1/nios2eds/bin/gnu/H-i686-pc-linux-gnu/bin/../lib/gcc/nios2-elf/4.1.2/../../../../nios2-elf/lib/mno-hw-mul/libc.a(lib_a-wsetup.o)
 .data          0x00112abc        0x0 /opt/altera/13.0sp1/nios2eds/bin/gnu/H-i686-pc-linux-gnu/bin/../lib/gcc/nios2-elf/4.1.2/../../../../nios2-elf/lib/mno-hw-mul/libc.a(lib_a-dtoa.o)
 .data          0x00112abc        0x0 /opt/altera/13.0sp1/nios2eds/bin/gnu/H-i686-pc-linux-gnu/bin/../lib/gcc/nios2-elf/4.1.2/../../../../nios2-elf/lib/mno-hw-mul/libc.a(lib_a-fflush.o)
 .data          0x00112abc        0x0 /opt/altera/13.0sp1/nios2eds/bin/gnu/H-i686-pc-linux-gnu/bin/../lib/gcc/nios2-elf/4.1.2/../../../../nios2-elf/lib/mno-hw-mul/libc.a(lib_a-findfp.o)
 .data          0x00112abc        0x0 /opt/altera/13.0sp1/nios2eds/bin/gnu/H-i686-pc-linux-gnu/bin/../lib/gcc/nios2-elf/4.1.2/../../../../nios2-elf/lib/mno-hw-mul/libc.a(lib_a-freer.o)
 .data          0x00112abc        0x0 /opt/altera/13.0sp1/nios2eds/bin/gnu/H-i686-pc-linux-gnu/bin/../lib/gcc/nios2-elf/4.1.2/../../../../nios2-elf/lib/mno-hw-mul/libc.a(lib_a-fvwrite.o)
 .data          0x00112abc        0x0 /opt/altera/13.0sp1/nios2eds/bin/gnu/H-i686-pc-linux-gnu/bin/../lib/gcc/nios2-elf/4.1.2/../../../../nios2-elf/lib/mno-hw-mul/libc.a(lib_a-fwalk.o)
 .data          0x00112abc      0x400 /opt/altera/13.0sp1/nios2eds/bin/gnu/H-i686-pc-linux-gnu/bin/../lib/gcc/nios2-elf/4.1.2/../../../../nios2-elf/lib/mno-hw-mul/libc.a(lib_a-impure.o)
 .data          0x00112ebc        0xc /opt/altera/13.0sp1/nios2eds/bin/gnu/H-i686-pc-linux-gnu/bin/../lib/gcc/nios2-elf/4.1.2/../../../../nios2-elf/lib/mno-hw-mul/libc.a(lib_a-locale.o)
                0x00112ebc                __lc_ctype
 .data          0x00112ec8        0x0 /opt/altera/13.0sp1/nios2eds/bin/gnu/H-i686-pc-linux-gnu/bin/../lib/gcc/nios2-elf/4.1.2/../../../../nios2-elf/lib/mno-hw-mul/libc.a(lib_a-makebuf.o)
 .data          0x00112ec8      0x408 /opt/altera/13.0sp1/nios2eds/bin/gnu/H-i686-pc-linux-gnu/bin/../lib/gcc/nios2-elf/4.1.2/../../../../nios2-elf/lib/mno-hw-mul/libc.a(lib_a-mallocr.o)
                0x00112ec8                __malloc_av_
 .data          0x001132d0        0x0 /opt/altera/13.0sp1/nios2eds/bin/gnu/H-i686-pc-linux-gnu/bin/../lib/gcc/nios2-elf/4.1.2/../../../../nios2-elf/lib/mno-hw-mul/libc.a(lib_a-memchr.o)
 .data          0x001132d0        0x0 /opt/altera/13.0sp1/nios2eds/bin/gnu/H-i686-pc-linux-gnu/bin/../lib/gcc/nios2-elf/4.1.2/../../../../nios2-elf/lib/mno-hw-mul/libc.a(lib_a-memcpy.o)
 .data          0x001132d0        0x0 /opt/altera/13.0sp1/nios2eds/bin/gnu/H-i686-pc-linux-gnu/bin/../lib/gcc/nios2-elf/4.1.2/../../../../nios2-elf/lib/mno-hw-mul/libc.a(lib_a-memmove.o)
 .data          0x001132d0        0x0 /opt/altera/13.0sp1/nios2eds/bin/gnu/H-i686-pc-linux-gnu/bin/../lib/gcc/nios2-elf/4.1.2/../../../../nios2-elf/lib/mno-hw-mul/libc.a(lib_a-memset.o)
 .data          0x001132d0        0x0 /opt/altera/13.0sp1/nios2eds/bin/gnu/H-i686-pc-linux-gnu/bin/../lib/gcc/nios2-elf/4.1.2/../../../../nios2-elf/lib/mno-hw-mul/libc.a(lib_a-mprec.o)
 .data          0x001132d0        0x0 /opt/altera/13.0sp1/nios2eds/bin/gnu/H-i686-pc-linux-gnu/bin/../lib/gcc/nios2-elf/4.1.2/../../../../nios2-elf/lib/mno-hw-mul/libc.a(lib_a-reallocr.o)
 .data          0x001132d0        0x0 /opt/altera/13.0sp1/nios2eds/bin/gnu/H-i686-pc-linux-gnu/bin/../lib/gcc/nios2-elf/4.1.2/../../../../nios2-elf/lib/mno-hw-mul/libc.a(lib_a-s_isinfd.o)
 .data          0x001132d0        0x0 /opt/altera/13.0sp1/nios2eds/bin/gnu/H-i686-pc-linux-gnu/bin/../lib/gcc/nios2-elf/4.1.2/../../../../nios2-elf/lib/mno-hw-mul/libc.a(lib_a-s_isnand.o)
 .data          0x001132d0        0x0 /opt/altera/13.0sp1/nios2eds/bin/gnu/H-i686-pc-linux-gnu/bin/../lib/gcc/nios2-elf/4.1.2/../../../../nios2-elf/lib/mno-hw-mul/libc.a(lib_a-sbrkr.o)
 .data          0x001132d0        0x0 /opt/altera/13.0sp1/nios2eds/bin/gnu/H-i686-pc-linux-gnu/bin/../lib/gcc/nios2-elf/4.1.2/../../../../nios2-elf/lib/mno-hw-mul/libc.a(lib_a-stdio.o)
 .data          0x001132d0        0x0 /opt/altera/13.0sp1/nios2eds/bin/gnu/H-i686-pc-linux-gnu/bin/../lib/gcc/nios2-elf/4.1.2/../../../../nios2-elf/lib/mno-hw-mul/libc.a(lib_a-strcmp.o)
 .data          0x001132d0        0x0 /opt/altera/13.0sp1/nios2eds/bin/gnu/H-i686-pc-linux-gnu/bin/../lib/gcc/nios2-elf/4.1.2/../../../../nios2-elf/lib/mno-hw-mul/libc.a(lib_a-writer.o)
 .data          0x001132d0        0x0 /opt/altera/13.0sp1/nios2eds/bin/gnu/H-i686-pc-linux-gnu/bin/../lib/gcc/nios2-elf/4.1.2/../../../../nios2-elf/lib/mno-hw-mul/libc.a(lib_a-callocr.o)
 .data          0x001132d0        0x0 /opt/altera/13.0sp1/nios2eds/bin/gnu/H-i686-pc-linux-gnu/bin/../lib/gcc/nios2-elf/4.1.2/../../../../nios2-elf/lib/mno-hw-mul/libc.a(lib_a-closer.o)
 .data          0x001132d0        0x0 /opt/altera/13.0sp1/nios2eds/bin/gnu/H-i686-pc-linux-gnu/bin/../lib/gcc/nios2-elf/4.1.2/../../../../nios2-elf/lib/mno-hw-mul/libc.a(lib_a-fclose.o)
 .data          0x001132d0        0x0 /opt/altera/13.0sp1/nios2eds/bin/gnu/H-i686-pc-linux-gnu/bin/../lib/gcc/nios2-elf/4.1.2/../../../../nios2-elf/lib/mno-hw-mul/libc.a(lib_a-fstatr.o)
 .data          0x001132d0        0x0 /opt/altera/13.0sp1/nios2eds/bin/gnu/H-i686-pc-linux-gnu/bin/../lib/gcc/nios2-elf/4.1.2/../../../../nios2-elf/lib/mno-hw-mul/libc.a(lib_a-int_errno.o)
 .data          0x001132d0        0x0 /opt/altera/13.0sp1/nios2eds/bin/gnu/H-i686-pc-linux-gnu/bin/../lib/gcc/nios2-elf/4.1.2/../../../../nios2-elf/lib/mno-hw-mul/libc.a(lib_a-isattyr.o)
 .data          0x001132d0        0x0 /opt/altera/13.0sp1/nios2eds/bin/gnu/H-i686-pc-linux-gnu/bin/../lib/gcc/nios2-elf/4.1.2/../../../../nios2-elf/lib/mno-hw-mul/libc.a(lib_a-lseekr.o)
 .data          0x001132d0        0x0 /opt/altera/13.0sp1/nios2eds/bin/gnu/H-i686-pc-linux-gnu/bin/../lib/gcc/nios2-elf/4.1.2/../../../../nios2-elf/lib/mno-hw-mul/libc.a(lib_a-readr.o)
 .data          0x001132d0        0x0 /opt/altera/13.0sp1/nios2eds/bin/gnu/H-i686-pc-linux-gnu/bin/../lib/gcc/nios2-elf/4.1.2/mno-hw-mul/libgcc.a(_udivdi3.o)
 .data          0x001132d0        0x0 /opt/altera/13.0sp1/nios2eds/bin/gnu/H-i686-pc-linux-gnu/bin/../lib/gcc/nios2-elf/4.1.2/mno-hw-mul/libgcc.a(_umoddi3.o)
 .data          0x001132d0        0x0 /opt/altera/13.0sp1/nios2eds/bin/gnu/H-i686-pc-linux-gnu/bin/../lib/gcc/nios2-elf/4.1.2/mno-hw-mul/libgcc.a(_mul_df.o)
 .data          0x001132d0        0x0 /opt/altera/13.0sp1/nios2eds/bin/gnu/H-i686-pc-linux-gnu/bin/../lib/gcc/nios2-elf/4.1.2/mno-hw-mul/libgcc.a(_eq_df.o)
 .data          0x001132d0        0x0 /opt/altera/13.0sp1/nios2eds/bin/gnu/H-i686-pc-linux-gnu/bin/../lib/gcc/nios2-elf/4.1.2/mno-hw-mul/libgcc.a(_ne_df.o)
 .data          0x001132d0        0x0 /opt/altera/13.0sp1/nios2eds/bin/gnu/H-i686-pc-linux-gnu/bin/../lib/gcc/nios2-elf/4.1.2/mno-hw-mul/libgcc.a(_gt_df.o)
 .data          0x001132d0        0x0 /opt/altera/13.0sp1/nios2eds/bin/gnu/H-i686-pc-linux-gnu/bin/../lib/gcc/nios2-elf/4.1.2/mno-hw-mul/libgcc.a(_ge_df.o)
 .data          0x001132d0        0x0 /opt/altera/13.0sp1/nios2eds/bin/gnu/H-i686-pc-linux-gnu/bin/../lib/gcc/nios2-elf/4.1.2/mno-hw-mul/libgcc.a(_lt_df.o)
 .data          0x001132d0        0x0 /opt/altera/13.0sp1/nios2eds/bin/gnu/H-i686-pc-linux-gnu/bin/../lib/gcc/nios2-elf/4.1.2/mno-hw-mul/libgcc.a(_usi_to_df.o)
 .data          0x001132d0        0x0 /opt/altera/13.0sp1/nios2eds/bin/gnu/H-i686-pc-linux-gnu/bin/../lib/gcc/nios2-elf/4.1.2/mno-hw-mul/libgcc.a(_muldi3.o)
 .data          0x001132d0        0x0 /opt/altera/13.0sp1/nios2eds/bin/gnu/H-i686-pc-linux-gnu/bin/../lib/gcc/nios2-elf/4.1.2/mno-hw-mul/libgcc.a(_fpcmp_parts_df.o)
 .data          0x001132d0        0x0 ../bsp//libucosii_bsp.a(alt_alarm_start.o)
 .data          0x001132d0        0x0 ../bsp//libucosii_bsp.a(alt_close.o)
 .data          0x001132d0      0x1a8 ../bsp//libucosii_bsp.a(alt_dev.o)
                0x001132d0                alt_dev_null
                0x001132f8                alt_fd_list
 .data          0x00113478        0x0 ../bsp//libucosii_bsp.a(alt_errno.o)
 .data          0x00113478        0x0 ../bsp//libucosii_bsp.a(alt_fstat.o)
 .data          0x00113478        0x0 ../bsp//libucosii_bsp.a(alt_isatty.o)
 .data          0x00113478        0x0 ../bsp//libucosii_bsp.a(alt_load.o)
 .data          0x00113478        0x0 ../bsp//libucosii_bsp.a(alt_lseek.o)
 .data          0x00113478        0x0 ../bsp//libucosii_bsp.a(alt_main.o)
 .data          0x00113478        0x0 ../bsp//libucosii_bsp.a(alt_read.o)
 .data          0x00113478        0x0 ../bsp//libucosii_bsp.a(alt_release_fd.o)
 .data          0x00113478        0x0 ../bsp//libucosii_bsp.a(alt_sbrk.o)
 .data          0x00113478        0x0 ../bsp//libucosii_bsp.a(alt_tick.o)
 .data          0x00113478        0x0 ../bsp//libucosii_bsp.a(alt_write.o)
 .data          0x00113478        0x0 ../bsp//libucosii_bsp.a(alt_env_lock.o)
 .data          0x00113478        0x0 ../bsp//libucosii_bsp.a(alt_malloc_lock.o)
 .data          0x00113478        0x0 ../bsp//libucosii_bsp.a(os_core.o)
 .data          0x00113478        0x0 ../bsp//libucosii_bsp.a(os_dbg.o)
 .data          0x00113478        0x0 ../bsp//libucosii_bsp.a(os_flag.o)
 .data          0x00113478        0x0 ../bsp//libucosii_bsp.a(os_mbox.o)
 .data          0x00113478        0x0 ../bsp//libucosii_bsp.a(os_mem.o)
 .data          0x00113478        0x0 ../bsp//libucosii_bsp.a(os_q.o)
 .data          0x00113478        0x0 ../bsp//libucosii_bsp.a(os_sem.o)
 .data          0x00113478        0x0 ../bsp//libucosii_bsp.a(os_task.o)
 .data          0x00113478        0x0 ../bsp//libucosii_bsp.a(os_time.o)
 .data          0x00113478        0x0 ../bsp//libucosii_bsp.a(os_tmr.o)
 .data          0x00113478     0x1098 ../bsp//libucosii_bsp.a(alt_sys_init.o)
 .data          0x00114510        0x0 ../bsp//libucosii_bsp.a(altera_avalon_jtag_uart_fd.o)
 .data          0x00114510        0x0 ../bsp//libucosii_bsp.a(altera_avalon_jtag_uart_init.o)
 .data          0x00114510        0x0 ../bsp//libucosii_bsp.a(altera_avalon_jtag_uart_ioctl.o)
 .data          0x00114510        0x0 ../bsp//libucosii_bsp.a(altera_avalon_jtag_uart_read.o)
 .data          0x00114510        0x0 ../bsp//libucosii_bsp.a(altera_avalon_jtag_uart_write.o)
 .data          0x00114510        0x0 ../bsp//libucosii_bsp.a(altera_avalon_timer_sc.o)
 .data          0x00114510        0x0 ../bsp//libucosii_bsp.a(altera_up_avalon_character_lcd.o)
 .data          0x00114510        0x0 ../bsp//libucosii_bsp.a(alt_dcache_flush_all.o)
 .data          0x00114510        0x0 ../bsp//libucosii_bsp.a(alt_dev_llist_insert.o)
 .data          0x00114510        0x0 ../bsp//libucosii_bsp.a(alt_do_ctors.o)
 .data          0x00114510        0x0 ../bsp//libucosii_bsp.a(alt_do_dtors.o)
 .data          0x00114510        0x0 ../bsp//libucosii_bsp.a(alt_find_dev.o)
 .data          0x00114510        0x0 ../bsp//libucosii_bsp.a(alt_icache_flush_all.o)
 .data          0x00114510        0x0 ../bsp//libucosii_bsp.a(alt_iic.o)
 .data          0x00114510        0x0 ../bsp//libucosii_bsp.a(alt_iic_isr_register.o)
 .data          0x00114510        0x0 ../bsp//libucosii_bsp.a(alt_io_redirect.o)
 .data          0x00114510        0x0 ../bsp//libucosii_bsp.a(alt_irq_entry.o)
 .data          0x00114510        0x0 ../bsp//libucosii_bsp.a(alt_irq_handler.o)
 .data          0x00114510        0x0 ../bsp//libucosii_bsp.a(alt_irq_vars.o)
 .data          0x00114510        0x0 ../bsp//libucosii_bsp.a(alt_open.o)
 .data          0x00114510        0x0 ../bsp//libucosii_bsp.a(altera_nios2_qsys_irq.o)
 .data          0x00114510        0x0 ../bsp//libucosii_bsp.a(os_cpu_a.o)
 .data          0x00114510        0x0 ../bsp//libucosii_bsp.a(os_cpu_c.o)
 .data          0x00114510        0x0 ../bsp//libucosii_bsp.a(alt_exception_entry.o)
 .data          0x00114510        0x0 ../bsp//libucosii_bsp.a(alt_find_file.o)
 .data          0x00114510        0x0 ../bsp//libucosii_bsp.a(alt_get_fd.o)
 .data          0x00114510        0x0 /opt/altera/13.0sp1/nios2eds/bin/gnu/H-i686-pc-linux-gnu/bin/../lib/gcc/nios2-elf/4.1.2/../../../../nios2-elf/lib/mno-hw-mul/libc.a(lib_a-atexit.o)
 .data          0x00114510        0x0 /opt/altera/13.0sp1/nios2eds/bin/gnu/H-i686-pc-linux-gnu/bin/../lib/gcc/nios2-elf/4.1.2/../../../../nios2-elf/lib/mno-hw-mul/libc.a(lib_a-exit.o)
 .data          0x00114510        0x0 /opt/altera/13.0sp1/nios2eds/bin/gnu/H-i686-pc-linux-gnu/bin/../lib/gcc/nios2-elf/4.1.2/../../../../nios2-elf/lib/mno-hw-mul/libc.a(lib_a-memcmp.o)
 .data          0x00114510        0x0 /opt/altera/13.0sp1/nios2eds/bin/gnu/H-i686-pc-linux-gnu/bin/../lib/gcc/nios2-elf/4.1.2/../../../../nios2-elf/lib/mno-hw-mul/libc.a(lib_a-__atexit.o)
 .data          0x00114510        0x0 /opt/altera/13.0sp1/nios2eds/bin/gnu/H-i686-pc-linux-gnu/bin/../lib/gcc/nios2-elf/4.1.2/../../../../nios2-elf/lib/mno-hw-mul/libc.a(lib_a-__call_atexit.o)
 .data          0x00114510        0x0 /opt/altera/13.0sp1/nios2eds/bin/gnu/H-i686-pc-linux-gnu/bin/../lib/gcc/nios2-elf/4.1.2/mno-hw-mul/libgcc.a(_fixunsdfsi.o)
 .data          0x00114510        0x0 ../bsp//libucosii_bsp.a(alt_exit.o)
                0x0011c510                _gp = ABSOLUTE ((. + 0x8000))
                0x0011c510                PROVIDE (gp, _gp)
 *(.rwdata .rwdata.*)
 *(.sdata .sdata.* .gnu.linkonce.s.*)
 .sdata         0x00114510        0x8 /opt/altera/13.0sp1/nios2eds/bin/gnu/H-i686-pc-linux-gnu/bin/../lib/gcc/nios2-elf/4.1.2/../../../../nios2-elf/lib/mno-hw-mul/libc.a(lib_a-impure.o)
                0x00114510                _impure_ptr
                0x00114514                _global_impure_ptr
 .sdata         0x00114518        0x8 /opt/altera/13.0sp1/nios2eds/bin/gnu/H-i686-pc-linux-gnu/bin/../lib/gcc/nios2-elf/4.1.2/../../../../nios2-elf/lib/mno-hw-mul/libc.a(lib_a-locale.o)
                0x00114518                __mb_cur_max
 .sdata         0x00114520        0x8 /opt/altera/13.0sp1/nios2eds/bin/gnu/H-i686-pc-linux-gnu/bin/../lib/gcc/nios2-elf/4.1.2/../../../../nios2-elf/lib/mno-hw-mul/libc.a(lib_a-mallocr.o)
                0x00114520                __malloc_trim_threshold
                0x00114524                __malloc_sbrk_base
 .sdata         0x00114528       0x14 ../bsp//libucosii_bsp.a(alt_dev.o)
                0x00114528                alt_fs_list
                0x00114530                alt_dev_list
                0x00114538                alt_max_fd
 .sdata         0x0011453c        0x4 ../bsp//libucosii_bsp.a(alt_errno.o)
                0x0011453c                alt_errno
 .sdata         0x00114540        0x4 ../bsp//libucosii_bsp.a(alt_sbrk.o)
 .sdata         0x00114544        0x8 ../bsp//libucosii_bsp.a(alt_tick.o)
                0x00114544                alt_alarm_list
 .sdata         0x0011454c        0x4 ../bsp//libucosii_bsp.a(alt_env_lock.o)
 .sdata         0x00114550        0x4 ../bsp//libucosii_bsp.a(alt_malloc_lock.o)
 .sdata         0x00114554       0x74 ../bsp//libucosii_bsp.a(os_dbg.o)
                0x00114554                OSDebugEn
                0x00114558                OSEndiannessTest
                0x0011455c                OSEventEn
                0x0011455e                OSEventMax
                0x00114560                OSEventNameSize
                0x00114562                OSEventSize
                0x00114564                OSEventTblSize
                0x00114566                OSEventMultiEn
                0x00114568                OSFlagEn
                0x0011456a                OSFlagGrpSize
                0x0011456c                OSFlagNodeSize
                0x0011456e                OSFlagWidth
                0x00114570                OSFlagMax
                0x00114572                OSFlagNameSize
                0x00114574                OSLowestPrio
                0x00114576                OSMboxEn
                0x00114578                OSMemEn
                0x0011457a                OSMemMax
                0x0011457c                OSMemNameSize
                0x0011457e                OSMemSize
                0x00114580                OSMemTblSize
                0x00114582                OSMutexEn
                0x00114584                OSPtrSize
                0x00114586                OSQEn
                0x00114588                OSQMax
                0x0011458a                OSQSize
                0x0011458c                OSRdyTblSize
                0x0011458e                OSSemEn
                0x00114590                OSStkWidth
                0x00114592                OSTaskCreateEn
                0x00114594                OSTaskCreateExtEn
                0x00114596                OSTaskDelEn
                0x00114598                OSTaskIdleStkSize
                0x0011459a                OSTaskProfileEn
                0x0011459c                OSTaskMax
                0x0011459e                OSTaskNameSize
                0x001145a0                OSTaskStatEn
                0x001145a2                OSTaskStatStkSize
                0x001145a4                OSTaskStatStkChkEn
                0x001145a6                OSTaskSwHookEn
                0x001145a8                OSTCBPrioTblMax
                0x001145aa                OSTCBSize
                0x001145ac                OSTicksPerSec
                0x001145ae                OSTimeTickHookEn
                0x001145b0                OSVersionNbr
                0x001145b2                OSTmrEn
                0x001145b4                OSTmrCfgMax
                0x001145b6                OSTmrCfgNameSize
                0x001145b8                OSTmrCfgWheelSize
                0x001145ba                OSTmrCfgTicksPerSec
                0x001145bc                OSTmrSize
                0x001145be                OSTmrTblSize
                0x001145c0                OSTmrWheelSize
                0x001145c2                OSTmrWheelTblSize
                0x001145c4                OSDataSize
 .sdata         0x001145c8        0x4 ../bsp//libucosii_bsp.a(alt_irq_vars.o)
                0x001145c8                alt_priority_mask
 *(.sdata2 .sdata2.* .gnu.linkonce.s2.*)
                0x001145cc                . = ALIGN (0x4)
                0x001145cc                _edata = ABSOLUTE (.)
                0x001145cc                PROVIDE (edata, ABSOLUTE (.))
                0x001145cc                PROVIDE (__ram_rwdata_end, ABSOLUTE (.))
                0x001145cc                PROVIDE (__flash_rwdata_start, LOADADDR (.rwdata))

.bss            0x00116108    0x14158
                0x00116108                __bss_start = ABSOLUTE (.)
                0x00116108                PROVIDE (__sbss_start, ABSOLUTE (.))
                0x00116108                PROVIDE (___sbss_start, ABSOLUTE (.))
 *(.dynsbss)
 *(.sbss .sbss.* .gnu.linkonce.sb.*)
 .sbss          0x00116108        0x8 obj/default/cruise_skeleton.o
                0x00116108                led_green
                0x0011610c                led_red
 .sbss          0x00116110       0x58 obj/default/cruise_skeleton.o
                0x00116110                Mbox_Gas
                0x00116114                Mbox_Throttle
                0x00116118                c_timer
                0x0011611c                v_timer
                0x00116120                Mbox_Velocity
                0x00116124                overload_timer
                0x00116128                Mbox_Cruise
                0x0011612c                v_sem
                0x00116130                b_timer
                0x00116134                s_sem
                0x00116138                extra_sem
                0x0011613c                overload_sem
                0x00116140                extra_timer
                0x00116144                Mbox_Engine
                0x00116148                b_sem
                0x0011614c                Mbox_Overload
                0x00116150                Mbox_Gear
                0x00116154                delay
                0x00116158                Mbox_OverloadInput
                0x0011615c                c_sem
                0x00116160                Mbox_Brake
                0x00116164                s_timer
 .sbss          0x00116168        0xc /opt/altera/13.0sp1/nios2eds/bin/gnu/H-i686-pc-linux-gnu/bin/../lib/gcc/nios2-elf/4.1.2/../../../../nios2-elf/lib/mno-hw-mul/libc.a(lib_a-locale.o)
                0x00116168                __nlocale_changed
                0x0011616c                __mlocale_changed
                0x00116170                _PathLocale
 .sbss          0x00116174        0xc /opt/altera/13.0sp1/nios2eds/bin/gnu/H-i686-pc-linux-gnu/bin/../lib/gcc/nios2-elf/4.1.2/../../../../nios2-elf/lib/mno-hw-mul/libc.a(lib_a-mallocr.o)
                0x00116174                __malloc_top_pad
                0x00116178                __malloc_max_sbrked_mem
                0x0011617c                __malloc_max_total_mem
 .sbss          0x00116180        0x4 /opt/altera/13.0sp1/nios2eds/bin/gnu/H-i686-pc-linux-gnu/bin/../lib/gcc/nios2-elf/4.1.2/../../../../nios2-elf/lib/mno-hw-mul/libc.a(lib_a-int_errno.o)
                0x00116180                errno
 .sbss          0x00116184        0x4 ../bsp//libucosii_bsp.a(alt_dev.o)
                0x00116184                alt_fd_list_lock
 .sbss          0x00116188        0xc ../bsp//libucosii_bsp.a(alt_main.o)
                0x00116188                alt_argc
                0x0011618c                alt_argv
                0x00116190                alt_envp
 .sbss          0x00116194        0x8 ../bsp//libucosii_bsp.a(alt_tick.o)
                0x00116194                _alt_tick_rate
                0x00116198                _alt_nticks
 .sbss          0x0011619c        0x8 ../bsp//libucosii_bsp.a(alt_env_lock.o)
                0x001161a0                alt_envsem
 .sbss          0x001161a4        0x8 ../bsp//libucosii_bsp.a(alt_malloc_lock.o)
                0x001161a8                alt_heapsem
 .sbss          0x001161ac       0x68 ../bsp//libucosii_bsp.a(os_core.o)
                0x001161ac                OSTmrFreeList
                0x001161b0                OSLockNesting
                0x001161b4                OSTmrSemSignal
                0x001161b8                OSRunning
                0x001161bc                OSIdleCtr
                0x001161c0                OSTmrUsed
                0x001161c2                OSPrioHighRdy
                0x001161c3                OSPrioCur
                0x001161c4                OSTCBList
                0x001161c8                OSTickStepState
                0x001161cc                OSCtxSwCtr
                0x001161d0                OSTmrFree
                0x001161d4                OSIdleCtrMax
                0x001161d8                OSTCBFreeList
                0x001161dc                OSCPUUsage
                0x001161dd                OSTaskCtr
                0x001161e0                OSMemFreeList
                0x001161e4                OSTCBHighRdy
                0x001161e8                OSQFreeList
                0x001161ec                OSRdyGrp
                0x001161ed                OSRdyTbl
                0x001161f0                OSEventFreeList
                0x001161f4                OSIntNesting
                0x001161f8                OSTCBCur
                0x001161fc                OSTmrTime
                0x00116200                OSTime
                0x00116204                OSTmrSem
                0x00116208                OSFlagFreeList
                0x0011620c                OSStatRdy
                0x00116210                OSIdleCtrRun
 .sbss          0x00116214        0x4 ../bsp//libucosii_bsp.a(alt_irq_vars.o)
                0x00116214                alt_irq_active
 .sbss          0x00116218        0x2 ../bsp//libucosii_bsp.a(os_cpu_c.o)
 *(.sbss2 .sbss2.* .gnu.linkonce.sb2.*)
 *(.scommon)
                0x0011621a                PROVIDE (__sbss_end, ABSOLUTE (.))
                0x0011621a                PROVIDE (___sbss_end, ABSOLUTE (.))
 *(.dynbss)
 *(.bss .bss.* .gnu.linkonce.b.*)
 .bss           0x0011621a        0x0 ../bsp//obj/HAL/src/crt0.o
 *fill*         0x0011621a        0x2 00
 .bss           0x0011621c       0x18 obj/default/cruise_skeleton.o
 .bss           0x00116234        0x0 /opt/altera/13.0sp1/nios2eds/bin/gnu/H-i686-pc-linux-gnu/bin/../lib/gcc/nios2-elf/4.1.2/mno-hw-mul/libgcc.a(_addsub_df.o)
 .bss           0x00116234        0x0 /opt/altera/13.0sp1/nios2eds/bin/gnu/H-i686-pc-linux-gnu/bin/../lib/gcc/nios2-elf/4.1.2/mno-hw-mul/libgcc.a(_div_df.o)
 .bss           0x00116234        0x0 /opt/altera/13.0sp1/nios2eds/bin/gnu/H-i686-pc-linux-gnu/bin/../lib/gcc/nios2-elf/4.1.2/mno-hw-mul/libgcc.a(_si_to_df.o)
 .bss           0x00116234        0x0 /opt/altera/13.0sp1/nios2eds/bin/gnu/H-i686-pc-linux-gnu/bin/../lib/gcc/nios2-elf/4.1.2/mno-hw-mul/libgcc.a(_df_to_si.o)
 .bss           0x00116234        0x0 /opt/altera/13.0sp1/nios2eds/bin/gnu/H-i686-pc-linux-gnu/bin/../lib/gcc/nios2-elf/4.1.2/mno-hw-mul/libgcc.a(_thenan_df.o)
 .bss           0x00116234        0x0 /opt/altera/13.0sp1/nios2eds/bin/gnu/H-i686-pc-linux-gnu/bin/../lib/gcc/nios2-elf/4.1.2/mno-hw-mul/libgcc.a(lib2-divmod.o)
 .bss           0x00116234        0x0 /opt/altera/13.0sp1/nios2eds/bin/gnu/H-i686-pc-linux-gnu/bin/../lib/gcc/nios2-elf/4.1.2/mno-hw-mul/libgcc.a(lib2-mul.o)
 .bss           0x00116234        0x0 /opt/altera/13.0sp1/nios2eds/bin/gnu/H-i686-pc-linux-gnu/bin/../lib/gcc/nios2-elf/4.1.2/mno-hw-mul/libgcc.a(_clzsi2.o)
 .bss           0x00116234        0x0 /opt/altera/13.0sp1/nios2eds/bin/gnu/H-i686-pc-linux-gnu/bin/../lib/gcc/nios2-elf/4.1.2/mno-hw-mul/libgcc.a(_pack_df.o)
 .bss           0x00116234        0x0 /opt/altera/13.0sp1/nios2eds/bin/gnu/H-i686-pc-linux-gnu/bin/../lib/gcc/nios2-elf/4.1.2/mno-hw-mul/libgcc.a(_unpack_df.o)
 .bss           0x00116234        0x0 /opt/altera/13.0sp1/nios2eds/bin/gnu/H-i686-pc-linux-gnu/bin/../lib/gcc/nios2-elf/4.1.2/mno-hw-mul/libgcc.a(_clz.o)
 .bss           0x00116234        0x0 /opt/altera/13.0sp1/nios2eds/bin/gnu/H-i686-pc-linux-gnu/bin/../lib/gcc/nios2-elf/4.1.2/../../../../nios2-elf/lib/mno-hw-mul/libc.a(lib_a-printf.o)
 .bss           0x00116234        0x0 /opt/altera/13.0sp1/nios2eds/bin/gnu/H-i686-pc-linux-gnu/bin/../lib/gcc/nios2-elf/4.1.2/../../../../nios2-elf/lib/mno-hw-mul/libc.a(lib_a-puts.o)
 .bss           0x00116234        0x0 /opt/altera/13.0sp1/nios2eds/bin/gnu/H-i686-pc-linux-gnu/bin/../lib/gcc/nios2-elf/4.1.2/../../../../nios2-elf/lib/mno-hw-mul/libc.a(lib_a-strlen.o)
 .bss           0x00116234        0x0 /opt/altera/13.0sp1/nios2eds/bin/gnu/H-i686-pc-linux-gnu/bin/../lib/gcc/nios2-elf/4.1.2/../../../../nios2-elf/lib/mno-hw-mul/libc.a(lib_a-vfprintf.o)
 .bss           0x00116234        0x0 /opt/altera/13.0sp1/nios2eds/bin/gnu/H-i686-pc-linux-gnu/bin/../lib/gcc/nios2-elf/4.1.2/../../../../nios2-elf/lib/mno-hw-mul/libc.a(lib_a-wsetup.o)
 .bss           0x00116234        0x0 /opt/altera/13.0sp1/nios2eds/bin/gnu/H-i686-pc-linux-gnu/bin/../lib/gcc/nios2-elf/4.1.2/../../../../nios2-elf/lib/mno-hw-mul/libc.a(lib_a-dtoa.o)
 .bss           0x00116234        0x0 /opt/altera/13.0sp1/nios2eds/bin/gnu/H-i686-pc-linux-gnu/bin/../lib/gcc/nios2-elf/4.1.2/../../../../nios2-elf/lib/mno-hw-mul/libc.a(lib_a-fflush.o)
 .bss           0x00116234        0x0 /opt/altera/13.0sp1/nios2eds/bin/gnu/H-i686-pc-linux-gnu/bin/../lib/gcc/nios2-elf/4.1.2/../../../../nios2-elf/lib/mno-hw-mul/libc.a(lib_a-findfp.o)
 .bss           0x00116234        0x0 /opt/altera/13.0sp1/nios2eds/bin/gnu/H-i686-pc-linux-gnu/bin/../lib/gcc/nios2-elf/4.1.2/../../../../nios2-elf/lib/mno-hw-mul/libc.a(lib_a-freer.o)
 .bss           0x00116234        0x0 /opt/altera/13.0sp1/nios2eds/bin/gnu/H-i686-pc-linux-gnu/bin/../lib/gcc/nios2-elf/4.1.2/../../../../nios2-elf/lib/mno-hw-mul/libc.a(lib_a-fvwrite.o)
 .bss           0x00116234        0x0 /opt/altera/13.0sp1/nios2eds/bin/gnu/H-i686-pc-linux-gnu/bin/../lib/gcc/nios2-elf/4.1.2/../../../../nios2-elf/lib/mno-hw-mul/libc.a(lib_a-fwalk.o)
 .bss           0x00116234        0x0 /opt/altera/13.0sp1/nios2eds/bin/gnu/H-i686-pc-linux-gnu/bin/../lib/gcc/nios2-elf/4.1.2/../../../../nios2-elf/lib/mno-hw-mul/libc.a(lib_a-impure.o)
 .bss           0x00116234        0x0 /opt/altera/13.0sp1/nios2eds/bin/gnu/H-i686-pc-linux-gnu/bin/../lib/gcc/nios2-elf/4.1.2/../../../../nios2-elf/lib/mno-hw-mul/libc.a(lib_a-locale.o)
 .bss           0x00116234        0x0 /opt/altera/13.0sp1/nios2eds/bin/gnu/H-i686-pc-linux-gnu/bin/../lib/gcc/nios2-elf/4.1.2/../../../../nios2-elf/lib/mno-hw-mul/libc.a(lib_a-makebuf.o)
 .bss           0x00116234       0x28 /opt/altera/13.0sp1/nios2eds/bin/gnu/H-i686-pc-linux-gnu/bin/../lib/gcc/nios2-elf/4.1.2/../../../../nios2-elf/lib/mno-hw-mul/libc.a(lib_a-mallocr.o)
                0x00116234                __malloc_current_mallinfo
 .bss           0x0011625c        0x0 /opt/altera/13.0sp1/nios2eds/bin/gnu/H-i686-pc-linux-gnu/bin/../lib/gcc/nios2-elf/4.1.2/../../../../nios2-elf/lib/mno-hw-mul/libc.a(lib_a-memchr.o)
 .bss           0x0011625c        0x0 /opt/altera/13.0sp1/nios2eds/bin/gnu/H-i686-pc-linux-gnu/bin/../lib/gcc/nios2-elf/4.1.2/../../../../nios2-elf/lib/mno-hw-mul/libc.a(lib_a-memcpy.o)
 .bss           0x0011625c        0x0 /opt/altera/13.0sp1/nios2eds/bin/gnu/H-i686-pc-linux-gnu/bin/../lib/gcc/nios2-elf/4.1.2/../../../../nios2-elf/lib/mno-hw-mul/libc.a(lib_a-memmove.o)
 .bss           0x0011625c        0x0 /opt/altera/13.0sp1/nios2eds/bin/gnu/H-i686-pc-linux-gnu/bin/../lib/gcc/nios2-elf/4.1.2/../../../../nios2-elf/lib/mno-hw-mul/libc.a(lib_a-memset.o)
 .bss           0x0011625c        0x0 /opt/altera/13.0sp1/nios2eds/bin/gnu/H-i686-pc-linux-gnu/bin/../lib/gcc/nios2-elf/4.1.2/../../../../nios2-elf/lib/mno-hw-mul/libc.a(lib_a-mprec.o)
 .bss           0x0011625c        0x0 /opt/altera/13.0sp1/nios2eds/bin/gnu/H-i686-pc-linux-gnu/bin/../lib/gcc/nios2-elf/4.1.2/../../../../nios2-elf/lib/mno-hw-mul/libc.a(lib_a-reallocr.o)
 .bss           0x0011625c        0x0 /opt/altera/13.0sp1/nios2eds/bin/gnu/H-i686-pc-linux-gnu/bin/../lib/gcc/nios2-elf/4.1.2/../../../../nios2-elf/lib/mno-hw-mul/libc.a(lib_a-s_isinfd.o)
 .bss           0x0011625c        0x0 /opt/altera/13.0sp1/nios2eds/bin/gnu/H-i686-pc-linux-gnu/bin/../lib/gcc/nios2-elf/4.1.2/../../../../nios2-elf/lib/mno-hw-mul/libc.a(lib_a-s_isnand.o)
 .bss           0x0011625c        0x0 /opt/altera/13.0sp1/nios2eds/bin/gnu/H-i686-pc-linux-gnu/bin/../lib/gcc/nios2-elf/4.1.2/../../../../nios2-elf/lib/mno-hw-mul/libc.a(lib_a-sbrkr.o)
 .bss           0x0011625c        0x0 /opt/altera/13.0sp1/nios2eds/bin/gnu/H-i686-pc-linux-gnu/bin/../lib/gcc/nios2-elf/4.1.2/../../../../nios2-elf/lib/mno-hw-mul/libc.a(lib_a-stdio.o)
 .bss           0x0011625c        0x0 /opt/altera/13.0sp1/nios2eds/bin/gnu/H-i686-pc-linux-gnu/bin/../lib/gcc/nios2-elf/4.1.2/../../../../nios2-elf/lib/mno-hw-mul/libc.a(lib_a-strcmp.o)
 .bss           0x0011625c        0x0 /opt/altera/13.0sp1/nios2eds/bin/gnu/H-i686-pc-linux-gnu/bin/../lib/gcc/nios2-elf/4.1.2/../../../../nios2-elf/lib/mno-hw-mul/libc.a(lib_a-writer.o)
 .bss           0x0011625c        0x0 /opt/altera/13.0sp1/nios2eds/bin/gnu/H-i686-pc-linux-gnu/bin/../lib/gcc/nios2-elf/4.1.2/../../../../nios2-elf/lib/mno-hw-mul/libc.a(lib_a-callocr.o)
 .bss           0x0011625c        0x0 /opt/altera/13.0sp1/nios2eds/bin/gnu/H-i686-pc-linux-gnu/bin/../lib/gcc/nios2-elf/4.1.2/../../../../nios2-elf/lib/mno-hw-mul/libc.a(lib_a-closer.o)
 .bss           0x0011625c        0x0 /opt/altera/13.0sp1/nios2eds/bin/gnu/H-i686-pc-linux-gnu/bin/../lib/gcc/nios2-elf/4.1.2/../../../../nios2-elf/lib/mno-hw-mul/libc.a(lib_a-fclose.o)
 .bss           0x0011625c        0x0 /opt/altera/13.0sp1/nios2eds/bin/gnu/H-i686-pc-linux-gnu/bin/../lib/gcc/nios2-elf/4.1.2/../../../../nios2-elf/lib/mno-hw-mul/libc.a(lib_a-fstatr.o)
 .bss           0x0011625c        0x0 /opt/altera/13.0sp1/nios2eds/bin/gnu/H-i686-pc-linux-gnu/bin/../lib/gcc/nios2-elf/4.1.2/../../../../nios2-elf/lib/mno-hw-mul/libc.a(lib_a-int_errno.o)
 .bss           0x0011625c        0x0 /opt/altera/13.0sp1/nios2eds/bin/gnu/H-i686-pc-linux-gnu/bin/../lib/gcc/nios2-elf/4.1.2/../../../../nios2-elf/lib/mno-hw-mul/libc.a(lib_a-isattyr.o)
 .bss           0x0011625c        0x0 /opt/altera/13.0sp1/nios2eds/bin/gnu/H-i686-pc-linux-gnu/bin/../lib/gcc/nios2-elf/4.1.2/../../../../nios2-elf/lib/mno-hw-mul/libc.a(lib_a-lseekr.o)
 .bss           0x0011625c        0x0 /opt/altera/13.0sp1/nios2eds/bin/gnu/H-i686-pc-linux-gnu/bin/../lib/gcc/nios2-elf/4.1.2/../../../../nios2-elf/lib/mno-hw-mul/libc.a(lib_a-readr.o)
 .bss           0x0011625c        0x0 /opt/altera/13.0sp1/nios2eds/bin/gnu/H-i686-pc-linux-gnu/bin/../lib/gcc/nios2-elf/4.1.2/mno-hw-mul/libgcc.a(_udivdi3.o)
 .bss           0x0011625c        0x0 /opt/altera/13.0sp1/nios2eds/bin/gnu/H-i686-pc-linux-gnu/bin/../lib/gcc/nios2-elf/4.1.2/mno-hw-mul/libgcc.a(_umoddi3.o)
 .bss           0x0011625c        0x0 /opt/altera/13.0sp1/nios2eds/bin/gnu/H-i686-pc-linux-gnu/bin/../lib/gcc/nios2-elf/4.1.2/mno-hw-mul/libgcc.a(_mul_df.o)
 .bss           0x0011625c        0x0 /opt/altera/13.0sp1/nios2eds/bin/gnu/H-i686-pc-linux-gnu/bin/../lib/gcc/nios2-elf/4.1.2/mno-hw-mul/libgcc.a(_eq_df.o)
 .bss           0x0011625c        0x0 /opt/altera/13.0sp1/nios2eds/bin/gnu/H-i686-pc-linux-gnu/bin/../lib/gcc/nios2-elf/4.1.2/mno-hw-mul/libgcc.a(_ne_df.o)
 .bss           0x0011625c        0x0 /opt/altera/13.0sp1/nios2eds/bin/gnu/H-i686-pc-linux-gnu/bin/../lib/gcc/nios2-elf/4.1.2/mno-hw-mul/libgcc.a(_gt_df.o)
 .bss           0x0011625c        0x0 /opt/altera/13.0sp1/nios2eds/bin/gnu/H-i686-pc-linux-gnu/bin/../lib/gcc/nios2-elf/4.1.2/mno-hw-mul/libgcc.a(_ge_df.o)
 .bss           0x0011625c        0x0 /opt/altera/13.0sp1/nios2eds/bin/gnu/H-i686-pc-linux-gnu/bin/../lib/gcc/nios2-elf/4.1.2/mno-hw-mul/libgcc.a(_lt_df.o)
 .bss           0x0011625c        0x0 /opt/altera/13.0sp1/nios2eds/bin/gnu/H-i686-pc-linux-gnu/bin/../lib/gcc/nios2-elf/4.1.2/mno-hw-mul/libgcc.a(_usi_to_df.o)
 .bss           0x0011625c        0x0 /opt/altera/13.0sp1/nios2eds/bin/gnu/H-i686-pc-linux-gnu/bin/../lib/gcc/nios2-elf/4.1.2/mno-hw-mul/libgcc.a(_muldi3.o)
 .bss           0x0011625c        0x0 /opt/altera/13.0sp1/nios2eds/bin/gnu/H-i686-pc-linux-gnu/bin/../lib/gcc/nios2-elf/4.1.2/mno-hw-mul/libgcc.a(_fpcmp_parts_df.o)
 .bss           0x0011625c        0x0 ../bsp//libucosii_bsp.a(alt_alarm_start.o)
 .bss           0x0011625c        0x0 ../bsp//libucosii_bsp.a(alt_close.o)
 .bss           0x0011625c        0x0 ../bsp//libucosii_bsp.a(alt_dev.o)
 .bss           0x0011625c        0x0 ../bsp//libucosii_bsp.a(alt_errno.o)
 .bss           0x0011625c        0x0 ../bsp//libucosii_bsp.a(alt_fstat.o)
 .bss           0x0011625c        0x0 ../bsp//libucosii_bsp.a(alt_isatty.o)
 .bss           0x0011625c        0x0 ../bsp//libucosii_bsp.a(alt_load.o)
 .bss           0x0011625c        0x0 ../bsp//libucosii_bsp.a(alt_lseek.o)
 .bss           0x0011625c        0x0 ../bsp//libucosii_bsp.a(alt_main.o)
 .bss           0x0011625c        0x0 ../bsp//libucosii_bsp.a(alt_read.o)
 .bss           0x0011625c        0x0 ../bsp//libucosii_bsp.a(alt_release_fd.o)
 .bss           0x0011625c        0x0 ../bsp//libucosii_bsp.a(alt_sbrk.o)
 .bss           0x0011625c        0x0 ../bsp//libucosii_bsp.a(alt_tick.o)
 .bss           0x0011625c        0x0 ../bsp//libucosii_bsp.a(alt_write.o)
 .bss           0x0011625c        0x0 ../bsp//libucosii_bsp.a(alt_env_lock.o)
 .bss           0x0011625c        0x0 ../bsp//libucosii_bsp.a(alt_malloc_lock.o)
 .bss           0x0011625c        0x0 ../bsp//libucosii_bsp.a(os_core.o)
 .bss           0x0011625c        0x0 ../bsp//libucosii_bsp.a(os_dbg.o)
 .bss           0x0011625c        0x0 ../bsp//libucosii_bsp.a(os_flag.o)
 .bss           0x0011625c        0x0 ../bsp//libucosii_bsp.a(os_mbox.o)
 .bss           0x0011625c        0x0 ../bsp//libucosii_bsp.a(os_mem.o)
 .bss           0x0011625c        0x0 ../bsp//libucosii_bsp.a(os_q.o)
 .bss           0x0011625c        0x0 ../bsp//libucosii_bsp.a(os_sem.o)
 .bss           0x0011625c        0x0 ../bsp//libucosii_bsp.a(os_task.o)
 .bss           0x0011625c        0x0 ../bsp//libucosii_bsp.a(os_time.o)
 .bss           0x0011625c        0x0 ../bsp//libucosii_bsp.a(os_tmr.o)
 .bss           0x0011625c        0x0 ../bsp//libucosii_bsp.a(alt_sys_init.o)
 .bss           0x0011625c        0x0 ../bsp//libucosii_bsp.a(altera_avalon_jtag_uart_fd.o)
 .bss           0x0011625c        0x0 ../bsp//libucosii_bsp.a(altera_avalon_jtag_uart_init.o)
 .bss           0x0011625c        0x0 ../bsp//libucosii_bsp.a(altera_avalon_jtag_uart_ioctl.o)
 .bss           0x0011625c        0x0 ../bsp//libucosii_bsp.a(altera_avalon_jtag_uart_read.o)
 .bss           0x0011625c        0x0 ../bsp//libucosii_bsp.a(altera_avalon_jtag_uart_write.o)
 .bss           0x0011625c        0x0 ../bsp//libucosii_bsp.a(altera_avalon_timer_sc.o)
 .bss           0x0011625c        0x0 ../bsp//libucosii_bsp.a(altera_up_avalon_character_lcd.o)
 .bss           0x0011625c        0x0 ../bsp//libucosii_bsp.a(alt_dcache_flush_all.o)
 .bss           0x0011625c        0x0 ../bsp//libucosii_bsp.a(alt_dev_llist_insert.o)
 .bss           0x0011625c        0x0 ../bsp//libucosii_bsp.a(alt_do_ctors.o)
 .bss           0x0011625c        0x0 ../bsp//libucosii_bsp.a(alt_do_dtors.o)
 .bss           0x0011625c        0x0 ../bsp//libucosii_bsp.a(alt_find_dev.o)
 .bss           0x0011625c        0x0 ../bsp//libucosii_bsp.a(alt_icache_flush_all.o)
 .bss           0x0011625c        0x0 ../bsp//libucosii_bsp.a(alt_iic.o)
 .bss           0x0011625c        0x0 ../bsp//libucosii_bsp.a(alt_iic_isr_register.o)
 .bss           0x0011625c        0x0 ../bsp//libucosii_bsp.a(alt_io_redirect.o)
 .bss           0x0011625c        0x0 ../bsp//libucosii_bsp.a(alt_irq_entry.o)
 .bss           0x0011625c        0x0 ../bsp//libucosii_bsp.a(alt_irq_handler.o)
 .bss           0x0011625c        0x0 ../bsp//libucosii_bsp.a(alt_irq_vars.o)
 .bss           0x0011625c        0x0 ../bsp//libucosii_bsp.a(alt_open.o)
 .bss           0x0011625c        0x0 ../bsp//libucosii_bsp.a(altera_nios2_qsys_irq.o)
 .bss           0x0011625c        0x0 ../bsp//libucosii_bsp.a(os_cpu_a.o)
 .bss           0x0011625c        0x0 ../bsp//libucosii_bsp.a(os_cpu_c.o)
 .bss           0x0011625c        0x0 ../bsp//libucosii_bsp.a(alt_exception_entry.o)
 .bss           0x0011625c        0x0 ../bsp//libucosii_bsp.a(alt_find_file.o)
 .bss           0x0011625c        0x0 ../bsp//libucosii_bsp.a(alt_get_fd.o)
 .bss           0x0011625c        0x0 /opt/altera/13.0sp1/nios2eds/bin/gnu/H-i686-pc-linux-gnu/bin/../lib/gcc/nios2-elf/4.1.2/../../../../nios2-elf/lib/mno-hw-mul/libc.a(lib_a-atexit.o)
 .bss           0x0011625c        0x0 /opt/altera/13.0sp1/nios2eds/bin/gnu/H-i686-pc-linux-gnu/bin/../lib/gcc/nios2-elf/4.1.2/../../../../nios2-elf/lib/mno-hw-mul/libc.a(lib_a-exit.o)
 .bss           0x0011625c        0x0 /opt/altera/13.0sp1/nios2eds/bin/gnu/H-i686-pc-linux-gnu/bin/../lib/gcc/nios2-elf/4.1.2/../../../../nios2-elf/lib/mno-hw-mul/libc.a(lib_a-memcmp.o)
 .bss           0x0011625c        0x0 /opt/altera/13.0sp1/nios2eds/bin/gnu/H-i686-pc-linux-gnu/bin/../lib/gcc/nios2-elf/4.1.2/../../../../nios2-elf/lib/mno-hw-mul/libc.a(lib_a-__atexit.o)
 .bss           0x0011625c        0x0 /opt/altera/13.0sp1/nios2eds/bin/gnu/H-i686-pc-linux-gnu/bin/../lib/gcc/nios2-elf/4.1.2/../../../../nios2-elf/lib/mno-hw-mul/libc.a(lib_a-__call_atexit.o)
 .bss           0x0011625c        0x0 /opt/altera/13.0sp1/nios2eds/bin/gnu/H-i686-pc-linux-gnu/bin/../lib/gcc/nios2-elf/4.1.2/mno-hw-mul/libgcc.a(_fixunsdfsi.o)
 .bss           0x0011625c        0x0 ../bsp//libucosii_bsp.a(alt_exit.o)
 *(COMMON)
 COMMON         0x0011625c    0x10000 obj/default/cruise_skeleton.o
                0x0011625c                Switch_Stack
                0x0011825c                Overload_Stack
                0x0011a25c                ControlTask_Stack
                0x0011c25c                VehicleTask_Stack
                0x0011e25c                Extra_Stack
                0x0012025c                Button_Stack
                0x0012225c                StartTask_Stack
                0x0012425c                Watchdog_Stack
 COMMON         0x0012625c     0x3d74 ../bsp//libucosii_bsp.a(os_core.o)
                0x0012625c                OSTmrWheelTbl
                0x0012626c                OSFlagTbl
                0x001265dc                OSTmrTbl
                0x0012691c                OSMemTbl
                0x0012754c                OSTaskStatStk
                0x00127d4c                OSQTbl
                0x00127f2c                OSTmrTaskStk
                0x0012872c                OSTaskIdleStk
                0x00128f2c                OSEventTbl
                0x00129a6c                OSTCBTbl
                0x00129f7c                OSTCBPrioTbl
 COMMON         0x00129fd0      0x100 ../bsp//libucosii_bsp.a(alt_irq_handler.o)
                0x00129fd0                alt_irq
 COMMON         0x0012a0d0      0x190 /opt/altera/13.0sp1/nios2eds/bin/gnu/H-i686-pc-linux-gnu/bin/../lib/gcc/nios2-elf/4.1.2/../../../../nios2-elf/lib/mno-hw-mul/libc.a(lib_a-atexit.o)
                0x0012a0d0                _atexit0
                0x0012a260                . = ALIGN (0x4)
                0x0012a260                __bss_end = ABSOLUTE (.)

.onchip_memory  0x00000000        0x0 load address 0x0012a260
                0x00000000                PROVIDE (_alt_partition_onchip_memory_start, ABSOLUTE (.))
 *(.onchip_memory. onchip_memory.*)
                0x00000000                . = ALIGN (0x4)
                0x00000000                PROVIDE (_alt_partition_onchip_memory_end, ABSOLUTE (.))
                0x0012a260                PROVIDE (_alt_partition_onchip_memory_load_addr, LOADADDR (.onchip_memory))

.sram           0x0012a260        0x0
                0x0012a260                PROVIDE (_alt_partition_sram_start, ABSOLUTE (.))
 *(.sram. sram.*)
                0x0012a260                . = ALIGN (0x4)
                0x0012a260                PROVIDE (_alt_partition_sram_end, ABSOLUTE (.))
                0x0012a260                _end = ABSOLUTE (.)
                0x0012a260                end = ABSOLUTE (.)
                0x0012a260                __alt_stack_base = ABSOLUTE (.)
                0x0012a260                PROVIDE (_alt_partition_sram_load_addr, LOADADDR (.sram))

.sdram          0x01000144        0x0 load address 0x0012a260
                0x01000144                PROVIDE (_alt_partition_sdram_start, ABSOLUTE (.))
 *(.sdram. sdram.*)
                0x01000144                . = ALIGN (0x4)
                0x01000144                PROVIDE (_alt_partition_sdram_end, ABSOLUTE (.))
                0x0012a260                PROVIDE (_alt_partition_sdram_load_addr, LOADADDR (.sdram))

.stab
 *(.stab)

.stabstr
 *(.stabstr)

.stab.excl
 *(.stab.excl)

.stab.exclstr
 *(.stab.exclstr)

.stab.index
 *(.stab.index)

.stab.indexstr
 *(.stab.indexstr)

.comment        0x00000000       0x26
 *(.comment)
 .comment       0x00000000       0x26 obj/default/cruise_skeleton.o
                                 0x27 (size before relaxing)
 .comment       0x00000000       0x27 /opt/altera/13.0sp1/nios2eds/bin/gnu/H-i686-pc-linux-gnu/bin/../lib/gcc/nios2-elf/4.1.2/mno-hw-mul/libgcc.a(_addsub_df.o)
 .comment       0x00000000       0x27 /opt/altera/13.0sp1/nios2eds/bin/gnu/H-i686-pc-linux-gnu/bin/../lib/gcc/nios2-elf/4.1.2/mno-hw-mul/libgcc.a(_div_df.o)
 .comment       0x00000000       0x27 /opt/altera/13.0sp1/nios2eds/bin/gnu/H-i686-pc-linux-gnu/bin/../lib/gcc/nios2-elf/4.1.2/mno-hw-mul/libgcc.a(_si_to_df.o)
 .comment       0x00000000       0x27 /opt/altera/13.0sp1/nios2eds/bin/gnu/H-i686-pc-linux-gnu/bin/../lib/gcc/nios2-elf/4.1.2/mno-hw-mul/libgcc.a(_df_to_si.o)
 .comment       0x00000000       0x27 /opt/altera/13.0sp1/nios2eds/bin/gnu/H-i686-pc-linux-gnu/bin/../lib/gcc/nios2-elf/4.1.2/mno-hw-mul/libgcc.a(_thenan_df.o)
 .comment       0x00000000       0x27 /opt/altera/13.0sp1/nios2eds/bin/gnu/H-i686-pc-linux-gnu/bin/../lib/gcc/nios2-elf/4.1.2/mno-hw-mul/libgcc.a(lib2-divmod.o)
 .comment       0x00000000       0x27 /opt/altera/13.0sp1/nios2eds/bin/gnu/H-i686-pc-linux-gnu/bin/../lib/gcc/nios2-elf/4.1.2/mno-hw-mul/libgcc.a(lib2-mul.o)
 .comment       0x00000000       0x27 /opt/altera/13.0sp1/nios2eds/bin/gnu/H-i686-pc-linux-gnu/bin/../lib/gcc/nios2-elf/4.1.2/mno-hw-mul/libgcc.a(_clzsi2.o)
 .comment       0x00000000       0x27 /opt/altera/13.0sp1/nios2eds/bin/gnu/H-i686-pc-linux-gnu/bin/../lib/gcc/nios2-elf/4.1.2/mno-hw-mul/libgcc.a(_pack_df.o)
 .comment       0x00000000       0x27 /opt/altera/13.0sp1/nios2eds/bin/gnu/H-i686-pc-linux-gnu/bin/../lib/gcc/nios2-elf/4.1.2/mno-hw-mul/libgcc.a(_unpack_df.o)
 .comment       0x00000000       0x27 /opt/altera/13.0sp1/nios2eds/bin/gnu/H-i686-pc-linux-gnu/bin/../lib/gcc/nios2-elf/4.1.2/mno-hw-mul/libgcc.a(_clz.o)
 .comment       0x00000000       0x27 /opt/altera/13.0sp1/nios2eds/bin/gnu/H-i686-pc-linux-gnu/bin/../lib/gcc/nios2-elf/4.1.2/../../../../nios2-elf/lib/mno-hw-mul/libc.a(lib_a-printf.o)
 .comment       0x00000000       0x27 /opt/altera/13.0sp1/nios2eds/bin/gnu/H-i686-pc-linux-gnu/bin/../lib/gcc/nios2-elf/4.1.2/../../../../nios2-elf/lib/mno-hw-mul/libc.a(lib_a-puts.o)
 .comment       0x00000000       0x27 /opt/altera/13.0sp1/nios2eds/bin/gnu/H-i686-pc-linux-gnu/bin/../lib/gcc/nios2-elf/4.1.2/../../../../nios2-elf/lib/mno-hw-mul/libc.a(lib_a-strlen.o)
 .comment       0x00000000       0x27 /opt/altera/13.0sp1/nios2eds/bin/gnu/H-i686-pc-linux-gnu/bin/../lib/gcc/nios2-elf/4.1.2/../../../../nios2-elf/lib/mno-hw-mul/libc.a(lib_a-vfprintf.o)
 .comment       0x00000000       0x27 /opt/altera/13.0sp1/nios2eds/bin/gnu/H-i686-pc-linux-gnu/bin/../lib/gcc/nios2-elf/4.1.2/../../../../nios2-elf/lib/mno-hw-mul/libc.a(lib_a-wsetup.o)
 .comment       0x00000000       0x27 /opt/altera/13.0sp1/nios2eds/bin/gnu/H-i686-pc-linux-gnu/bin/../lib/gcc/nios2-elf/4.1.2/../../../../nios2-elf/lib/mno-hw-mul/libc.a(lib_a-dtoa.o)
 .comment       0x00000000       0x27 /opt/altera/13.0sp1/nios2eds/bin/gnu/H-i686-pc-linux-gnu/bin/../lib/gcc/nios2-elf/4.1.2/../../../../nios2-elf/lib/mno-hw-mul/libc.a(lib_a-fflush.o)
 .comment       0x00000000       0x27 /opt/altera/13.0sp1/nios2eds/bin/gnu/H-i686-pc-linux-gnu/bin/../lib/gcc/nios2-elf/4.1.2/../../../../nios2-elf/lib/mno-hw-mul/libc.a(lib_a-findfp.o)
 .comment       0x00000000       0x27 /opt/altera/13.0sp1/nios2eds/bin/gnu/H-i686-pc-linux-gnu/bin/../lib/gcc/nios2-elf/4.1.2/../../../../nios2-elf/lib/mno-hw-mul/libc.a(lib_a-freer.o)
 .comment       0x00000000       0x27 /opt/altera/13.0sp1/nios2eds/bin/gnu/H-i686-pc-linux-gnu/bin/../lib/gcc/nios2-elf/4.1.2/../../../../nios2-elf/lib/mno-hw-mul/libc.a(lib_a-fvwrite.o)
 .comment       0x00000000       0x27 /opt/altera/13.0sp1/nios2eds/bin/gnu/H-i686-pc-linux-gnu/bin/../lib/gcc/nios2-elf/4.1.2/../../../../nios2-elf/lib/mno-hw-mul/libc.a(lib_a-fwalk.o)
 .comment       0x00000000       0x27 /opt/altera/13.0sp1/nios2eds/bin/gnu/H-i686-pc-linux-gnu/bin/../lib/gcc/nios2-elf/4.1.2/../../../../nios2-elf/lib/mno-hw-mul/libc.a(lib_a-impure.o)
 .comment       0x00000000       0x27 /opt/altera/13.0sp1/nios2eds/bin/gnu/H-i686-pc-linux-gnu/bin/../lib/gcc/nios2-elf/4.1.2/../../../../nios2-elf/lib/mno-hw-mul/libc.a(lib_a-locale.o)
 .comment       0x00000000       0x27 /opt/altera/13.0sp1/nios2eds/bin/gnu/H-i686-pc-linux-gnu/bin/../lib/gcc/nios2-elf/4.1.2/../../../../nios2-elf/lib/mno-hw-mul/libc.a(lib_a-makebuf.o)
 .comment       0x00000000       0x27 /opt/altera/13.0sp1/nios2eds/bin/gnu/H-i686-pc-linux-gnu/bin/../lib/gcc/nios2-elf/4.1.2/../../../../nios2-elf/lib/mno-hw-mul/libc.a(lib_a-mallocr.o)
 .comment       0x00000000       0x27 /opt/altera/13.0sp1/nios2eds/bin/gnu/H-i686-pc-linux-gnu/bin/../lib/gcc/nios2-elf/4.1.2/../../../../nios2-elf/lib/mno-hw-mul/libc.a(lib_a-memchr.o)
 .comment       0x00000000       0x27 /opt/altera/13.0sp1/nios2eds/bin/gnu/H-i686-pc-linux-gnu/bin/../lib/gcc/nios2-elf/4.1.2/../../../../nios2-elf/lib/mno-hw-mul/libc.a(lib_a-memcpy.o)
 .comment       0x00000000       0x27 /opt/altera/13.0sp1/nios2eds/bin/gnu/H-i686-pc-linux-gnu/bin/../lib/gcc/nios2-elf/4.1.2/../../../../nios2-elf/lib/mno-hw-mul/libc.a(lib_a-memmove.o)
 .comment       0x00000000       0x27 /opt/altera/13.0sp1/nios2eds/bin/gnu/H-i686-pc-linux-gnu/bin/../lib/gcc/nios2-elf/4.1.2/../../../../nios2-elf/lib/mno-hw-mul/libc.a(lib_a-memset.o)